Component: Arm Compiler for Embedded 6.19 Tool: armlink [5e73cb00]

==============================================================================

Section Cross References

    startup_stm32f103xe.o(RESET) refers to startup_stm32f103xe.o(STACK) for __initial_sp
    startup_stm32f103xe.o(RESET) refers to startup_stm32f103xe.o(.text) for Reset_Handler
    startup_stm32f103xe.o(RESET) refers to lto-llvm-84e609.o(.text.NMI_Handler) for NMI_Handler
    startup_stm32f103xe.o(RESET) refers to lto-llvm-84e609.o(.text.HardFault_Handler) for HardFault_Handler
    startup_stm32f103xe.o(RESET) refers to lto-llvm-84e609.o(.text.MemManage_Handler) for MemManage_Handler
    startup_stm32f103xe.o(RESET) refers to lto-llvm-84e609.o(.text.BusFault_Handler) for BusFault_Handler
    startup_stm32f103xe.o(RESET) refers to lto-llvm-84e609.o(.text.UsageFault_Handler) for UsageFault_Handler
    startup_stm32f103xe.o(RESET) refers to lto-llvm-84e609.o(.text.SVC_Handler) for SVC_Handler
    startup_stm32f103xe.o(RESET) refers to lto-llvm-84e609.o(.text.DebugMon_Handler) for DebugMon_Handler
    startup_stm32f103xe.o(RESET) refers to lto-llvm-84e609.o(.text.PendSV_Handler) for PendSV_Handler
    startup_stm32f103xe.o(RESET) refers to lto-llvm-84e609.o(.text.SysTick_Handler) for SysTick_Handler
    startup_stm32f103xe.o(RESET) refers to lto-llvm-84e609.o(.text.SDIO_IRQHandler) for SDIO_IRQHandler
    startup_stm32f103xe.o(.text) refers to lto-llvm-84e609.o(.text.SystemInit) for SystemInit
    startup_stm32f103xe.o(.text) refers to entry.o(.ARM.Collect$$$$00000000) for __main
    entry.o(.ARM.Collect$$$$00000000) refers (Special) to entry10a.o(.ARM.Collect$$$$0000000D) for __rt_final_cpp
    entry.o(.ARM.Collect$$$$00000000) refers (Special) to entry11a.o(.ARM.Collect$$$$0000000F) for __rt_final_exit
    entry.o(.ARM.Collect$$$$00000000) refers (Special) to entry7b.o(.ARM.Collect$$$$00000008) for _main_clock
    entry.o(.ARM.Collect$$$$00000000) refers (Special) to entry8b.o(.ARM.Collect$$$$0000000A) for _main_cpp_init
    entry.o(.ARM.Collect$$$$00000000) refers (Special) to entry9a.o(.ARM.Collect$$$$0000000B) for _main_init
    entry.o(.ARM.Collect$$$$00000000) refers (Special) to entry5.o(.ARM.Collect$$$$00000004) for _main_scatterload
    entry.o(.ARM.Collect$$$$00000000) refers (Special) to entry2.o(.ARM.Collect$$$$00000001) for _main_stk
    puts.o(i.puts) refers to lto-llvm-84e609.o(.text.fputc) for fputc
    puts.o(i.puts) refers to stdout.o(.data) for __stdout
    puts_e.o(.text) refers to lto-llvm-84e609.o(.text.fputc) for fputc
    puts_e.o(.text) refers to stdout.o(.data) for __stdout
    printfb.o(i.__0fprintf$bare) refers to printfb.o(i._printf_core) for _printf_core
    printfb.o(i.__0fprintf$bare) refers to lto-llvm-84e609.o(.text.fputc) for fputc
    printfb.o(i.__0printf$bare) refers to printfb.o(i._printf_core) for _printf_core
    printfb.o(i.__0printf$bare) refers to lto-llvm-84e609.o(.text.fputc) for fputc
    printfb.o(i.__0printf$bare) refers to stdout.o(.data) for __stdout
    printfb.o(i.__0snprintf$bare) refers to printfb.o(i._printf_core) for _printf_core
    printfb.o(i.__0snprintf$bare) refers to printfb.o(i._snputc) for _snputc
    printfb.o(i.__0sprintf$bare) refers to printfb.o(i._printf_core) for _printf_core
    printfb.o(i.__0sprintf$bare) refers to printfb.o(i._sputc) for _sputc
    printfb.o(i.__0vfprintf$bare) refers to printfb.o(i._printf_core) for _printf_core
    printfb.o(i.__0vfprintf$bare) refers to lto-llvm-84e609.o(.text.fputc) for fputc
    printfb.o(i.__0vprintf$bare) refers to printfb.o(i._printf_core) for _printf_core
    printfb.o(i.__0vprintf$bare) refers to lto-llvm-84e609.o(.text.fputc) for fputc
    printfb.o(i.__0vprintf$bare) refers to stdout.o(.data) for __stdout
    printfb.o(i.__0vsnprintf$bare) refers to printfb.o(i._printf_core) for _printf_core
    printfb.o(i.__0vsnprintf$bare) refers to printfb.o(i._snputc) for _snputc
    printfb.o(i.__0vsprintf$bare) refers to printfb.o(i._printf_core) for _printf_core
    printfb.o(i.__0vsprintf$bare) refers to printfb.o(i._sputc) for _sputc
    printf0.o(i.__0fprintf$0) refers to printf0.o(i._printf_core) for _printf_core
    printf0.o(i.__0fprintf$0) refers to lto-llvm-84e609.o(.text.fputc) for fputc
    printf0.o(i.__0printf$0) refers to printf0.o(i._printf_core) for _printf_core
    printf0.o(i.__0printf$0) refers to lto-llvm-84e609.o(.text.fputc) for fputc
    printf0.o(i.__0printf$0) refers to stdout.o(.data) for __stdout
    printf0.o(i.__0snprintf$0) refers to printf0.o(i._printf_core) for _printf_core
    printf0.o(i.__0snprintf$0) refers to printf0.o(i._snputc) for _snputc
    printf0.o(i.__0sprintf$0) refers to printf0.o(i._printf_core) for _printf_core
    printf0.o(i.__0sprintf$0) refers to printf0.o(i._sputc) for _sputc
    printf0.o(i.__0vfprintf$0) refers to printf0.o(i._printf_core) for _printf_core
    printf0.o(i.__0vfprintf$0) refers to lto-llvm-84e609.o(.text.fputc) for fputc
    printf0.o(i.__0vprintf$0) refers to printf0.o(i._printf_core) for _printf_core
    printf0.o(i.__0vprintf$0) refers to lto-llvm-84e609.o(.text.fputc) for fputc
    printf0.o(i.__0vprintf$0) refers to stdout.o(.data) for __stdout
    printf0.o(i.__0vsnprintf$0) refers to printf0.o(i._printf_core) for _printf_core
    printf0.o(i.__0vsnprintf$0) refers to printf0.o(i._snputc) for _snputc
    printf0.o(i.__0vsprintf$0) refers to printf0.o(i._printf_core) for _printf_core
    printf0.o(i.__0vsprintf$0) refers to printf0.o(i._sputc) for _sputc
    printf1.o(i.__0fprintf$1) refers to printf1.o(i._printf_core) for _printf_core
    printf1.o(i.__0fprintf$1) refers to lto-llvm-84e609.o(.text.fputc) for fputc
    printf1.o(i.__0printf$1) refers to printf1.o(i._printf_core) for _printf_core
    printf1.o(i.__0printf$1) refers to lto-llvm-84e609.o(.text.fputc) for fputc
    printf1.o(i.__0printf$1) refers to stdout.o(.data) for __stdout
    printf1.o(i.__0snprintf$1) refers to printf1.o(i._printf_core) for _printf_core
    printf1.o(i.__0snprintf$1) refers to printf1.o(i._snputc) for _snputc
    printf1.o(i.__0sprintf$1) refers to printf1.o(i._printf_core) for _printf_core
    printf1.o(i.__0sprintf$1) refers to printf1.o(i._sputc) for _sputc
    printf1.o(i.__0vfprintf$1) refers to printf1.o(i._printf_core) for _printf_core
    printf1.o(i.__0vfprintf$1) refers to lto-llvm-84e609.o(.text.fputc) for fputc
    printf1.o(i.__0vprintf$1) refers to printf1.o(i._printf_core) for _printf_core
    printf1.o(i.__0vprintf$1) refers to lto-llvm-84e609.o(.text.fputc) for fputc
    printf1.o(i.__0vprintf$1) refers to stdout.o(.data) for __stdout
    printf1.o(i.__0vsnprintf$1) refers to printf1.o(i._printf_core) for _printf_core
    printf1.o(i.__0vsnprintf$1) refers to printf1.o(i._snputc) for _snputc
    printf1.o(i.__0vsprintf$1) refers to printf1.o(i._printf_core) for _printf_core
    printf1.o(i.__0vsprintf$1) refers to printf1.o(i._sputc) for _sputc
    printf1.o(i._printf_core) refers to uidiv.o(.text) for __aeabi_uidivmod
    printf2.o(i.__0fprintf$2) refers to printf2.o(i._printf_core) for _printf_core
    printf2.o(i.__0fprintf$2) refers to lto-llvm-84e609.o(.text.fputc) for fputc
    printf2.o(i.__0printf$2) refers to printf2.o(i._printf_core) for _printf_core
    printf2.o(i.__0printf$2) refers to lto-llvm-84e609.o(.text.fputc) for fputc
    printf2.o(i.__0printf$2) refers to stdout.o(.data) for __stdout
    printf2.o(i.__0snprintf$2) refers to printf2.o(i._printf_core) for _printf_core
    printf2.o(i.__0snprintf$2) refers to printf2.o(i._snputc) for _snputc
    printf2.o(i.__0sprintf$2) refers to printf2.o(i._printf_core) for _printf_core
    printf2.o(i.__0sprintf$2) refers to printf2.o(i._sputc) for _sputc
    printf2.o(i.__0vfprintf$2) refers to printf2.o(i._printf_core) for _printf_core
    printf2.o(i.__0vfprintf$2) refers to lto-llvm-84e609.o(.text.fputc) for fputc
    printf2.o(i.__0vprintf$2) refers to printf2.o(i._printf_core) for _printf_core
    printf2.o(i.__0vprintf$2) refers to lto-llvm-84e609.o(.text.fputc) for fputc
    printf2.o(i.__0vprintf$2) refers to stdout.o(.data) for __stdout
    printf2.o(i.__0vsnprintf$2) refers to printf2.o(i._printf_core) for _printf_core
    printf2.o(i.__0vsnprintf$2) refers to printf2.o(i._snputc) for _snputc
    printf2.o(i.__0vsprintf$2) refers to printf2.o(i._printf_core) for _printf_core
    printf2.o(i.__0vsprintf$2) refers to printf2.o(i._sputc) for _sputc
    printf3.o(i.__0fprintf$3) refers to printf3.o(i._printf_core) for _printf_core
    printf3.o(i.__0fprintf$3) refers to lto-llvm-84e609.o(.text.fputc) for fputc
    printf3.o(i.__0printf$3) refers to printf3.o(i._printf_core) for _printf_core
    printf3.o(i.__0printf$3) refers to lto-llvm-84e609.o(.text.fputc) for fputc
    printf3.o(i.__0printf$3) refers to stdout.o(.data) for __stdout
    printf3.o(i.__0snprintf$3) refers to printf3.o(i._printf_core) for _printf_core
    printf3.o(i.__0snprintf$3) refers to printf3.o(i._snputc) for _snputc
    printf3.o(i.__0sprintf$3) refers to printf3.o(i._printf_core) for _printf_core
    printf3.o(i.__0sprintf$3) refers to printf3.o(i._sputc) for _sputc
    printf3.o(i.__0vfprintf$3) refers to printf3.o(i._printf_core) for _printf_core
    printf3.o(i.__0vfprintf$3) refers to lto-llvm-84e609.o(.text.fputc) for fputc
    printf3.o(i.__0vprintf$3) refers to printf3.o(i._printf_core) for _printf_core
    printf3.o(i.__0vprintf$3) refers to lto-llvm-84e609.o(.text.fputc) for fputc
    printf3.o(i.__0vprintf$3) refers to stdout.o(.data) for __stdout
    printf3.o(i.__0vsnprintf$3) refers to printf3.o(i._printf_core) for _printf_core
    printf3.o(i.__0vsnprintf$3) refers to printf3.o(i._snputc) for _snputc
    printf3.o(i.__0vsprintf$3) refers to printf3.o(i._printf_core) for _printf_core
    printf3.o(i.__0vsprintf$3) refers to printf3.o(i._sputc) for _sputc
    printf3.o(i._printf_core) refers to uidiv.o(.text) for __aeabi_uidivmod
    printf4.o(i.__0fprintf$4) refers to printf4.o(i._printf_core) for _printf_core
    printf4.o(i.__0fprintf$4) refers to lto-llvm-84e609.o(.text.fputc) for fputc
    printf4.o(i.__0printf$4) refers to printf4.o(i._printf_core) for _printf_core
    printf4.o(i.__0printf$4) refers to lto-llvm-84e609.o(.text.fputc) for fputc
    printf4.o(i.__0printf$4) refers to stdout.o(.data) for __stdout
    printf4.o(i.__0snprintf$4) refers to printf4.o(i._printf_core) for _printf_core
    printf4.o(i.__0snprintf$4) refers to printf4.o(i._snputc) for _snputc
    printf4.o(i.__0sprintf$4) refers to printf4.o(i._printf_core) for _printf_core
    printf4.o(i.__0sprintf$4) refers to printf4.o(i._sputc) for _sputc
    printf4.o(i.__0vfprintf$4) refers to printf4.o(i._printf_core) for _printf_core
    printf4.o(i.__0vfprintf$4) refers to lto-llvm-84e609.o(.text.fputc) for fputc
    printf4.o(i.__0vprintf$4) refers to printf4.o(i._printf_core) for _printf_core
    printf4.o(i.__0vprintf$4) refers to lto-llvm-84e609.o(.text.fputc) for fputc
    printf4.o(i.__0vprintf$4) refers to stdout.o(.data) for __stdout
    printf4.o(i.__0vsnprintf$4) refers to printf4.o(i._printf_core) for _printf_core
    printf4.o(i.__0vsnprintf$4) refers to printf4.o(i._snputc) for _snputc
    printf4.o(i.__0vsprintf$4) refers to printf4.o(i._printf_core) for _printf_core
    printf4.o(i.__0vsprintf$4) refers to printf4.o(i._sputc) for _sputc
    printf4.o(i._printf_core) refers to uldiv.o(.text) for __aeabi_uldivmod
    printf5.o(i.__0fprintf$5) refers to printf5.o(i._printf_core) for _printf_core
    printf5.o(i.__0fprintf$5) refers to lto-llvm-84e609.o(.text.fputc) for fputc
    printf5.o(i.__0printf$5) refers to printf5.o(i._printf_core) for _printf_core
    printf5.o(i.__0printf$5) refers to lto-llvm-84e609.o(.text.fputc) for fputc
    printf5.o(i.__0printf$5) refers to stdout.o(.data) for __stdout
    printf5.o(i.__0snprintf$5) refers to printf5.o(i._printf_core) for _printf_core
    printf5.o(i.__0snprintf$5) refers to printf5.o(i._snputc) for _snputc
    printf5.o(i.__0sprintf$5) refers to printf5.o(i._printf_core) for _printf_core
    printf5.o(i.__0sprintf$5) refers to printf5.o(i._sputc) for _sputc
    printf5.o(i.__0vfprintf$5) refers to printf5.o(i._printf_core) for _printf_core
    printf5.o(i.__0vfprintf$5) refers to lto-llvm-84e609.o(.text.fputc) for fputc
    printf5.o(i.__0vprintf$5) refers to printf5.o(i._printf_core) for _printf_core
    printf5.o(i.__0vprintf$5) refers to lto-llvm-84e609.o(.text.fputc) for fputc
    printf5.o(i.__0vprintf$5) refers to stdout.o(.data) for __stdout
    printf5.o(i.__0vsnprintf$5) refers to printf5.o(i._printf_core) for _printf_core
    printf5.o(i.__0vsnprintf$5) refers to printf5.o(i._snputc) for _snputc
    printf5.o(i.__0vsprintf$5) refers to printf5.o(i._printf_core) for _printf_core
    printf5.o(i.__0vsprintf$5) refers to printf5.o(i._sputc) for _sputc
    printf5.o(i._printf_core) refers to uldiv.o(.text) for __aeabi_uldivmod
    printf6.o(i.__0fprintf$6) refers to printf6.o(i._printf_core) for _printf_core
    printf6.o(i.__0fprintf$6) refers to lto-llvm-84e609.o(.text.fputc) for fputc
    printf6.o(i.__0printf$6) refers to printf6.o(i._printf_core) for _printf_core
    printf6.o(i.__0printf$6) refers to lto-llvm-84e609.o(.text.fputc) for fputc
    printf6.o(i.__0printf$6) refers to stdout.o(.data) for __stdout
    printf6.o(i.__0snprintf$6) refers to printf6.o(i._printf_core) for _printf_core
    printf6.o(i.__0snprintf$6) refers to printf6.o(i._snputc) for _snputc
    printf6.o(i.__0sprintf$6) refers to printf6.o(i._printf_core) for _printf_core
    printf6.o(i.__0sprintf$6) refers to printf6.o(i._sputc) for _sputc
    printf6.o(i.__0vfprintf$6) refers to printf6.o(i._printf_core) for _printf_core
    printf6.o(i.__0vfprintf$6) refers to lto-llvm-84e609.o(.text.fputc) for fputc
    printf6.o(i.__0vprintf$6) refers to printf6.o(i._printf_core) for _printf_core
    printf6.o(i.__0vprintf$6) refers to lto-llvm-84e609.o(.text.fputc) for fputc
    printf6.o(i.__0vprintf$6) refers to stdout.o(.data) for __stdout
    printf6.o(i.__0vsnprintf$6) refers to printf6.o(i._printf_core) for _printf_core
    printf6.o(i.__0vsnprintf$6) refers to printf6.o(i._snputc) for _snputc
    printf6.o(i.__0vsprintf$6) refers to printf6.o(i._printf_core) for _printf_core
    printf6.o(i.__0vsprintf$6) refers to printf6.o(i._sputc) for _sputc
    printf6.o(i._printf_core) refers to printf6.o(i._printf_pre_padding) for _printf_pre_padding
    printf6.o(i._printf_core) refers to uidiv.o(.text) for __aeabi_uidivmod
    printf6.o(i._printf_core) refers to printf6.o(i._printf_post_padding) for _printf_post_padding
    printf7.o(i.__0fprintf$7) refers to printf7.o(i._printf_core) for _printf_core
    printf7.o(i.__0fprintf$7) refers to lto-llvm-84e609.o(.text.fputc) for fputc
    printf7.o(i.__0printf$7) refers to printf7.o(i._printf_core) for _printf_core
    printf7.o(i.__0printf$7) refers to lto-llvm-84e609.o(.text.fputc) for fputc
    printf7.o(i.__0printf$7) refers to stdout.o(.data) for __stdout
    printf7.o(i.__0snprintf$7) refers to printf7.o(i._printf_core) for _printf_core
    printf7.o(i.__0snprintf$7) refers to printf7.o(i._snputc) for _snputc
    printf7.o(i.__0sprintf$7) refers to printf7.o(i._printf_core) for _printf_core
    printf7.o(i.__0sprintf$7) refers to printf7.o(i._sputc) for _sputc
    printf7.o(i.__0vfprintf$7) refers to printf7.o(i._printf_core) for _printf_core
    printf7.o(i.__0vfprintf$7) refers to lto-llvm-84e609.o(.text.fputc) for fputc
    printf7.o(i.__0vprintf$7) refers to printf7.o(i._printf_core) for _printf_core
    printf7.o(i.__0vprintf$7) refers to lto-llvm-84e609.o(.text.fputc) for fputc
    printf7.o(i.__0vprintf$7) refers to stdout.o(.data) for __stdout
    printf7.o(i.__0vsnprintf$7) refers to printf7.o(i._printf_core) for _printf_core
    printf7.o(i.__0vsnprintf$7) refers to printf7.o(i._snputc) for _snputc
    printf7.o(i.__0vsprintf$7) refers to printf7.o(i._printf_core) for _printf_core
    printf7.o(i.__0vsprintf$7) refers to printf7.o(i._sputc) for _sputc
    printf7.o(i._printf_core) refers to printf7.o(i._printf_pre_padding) for _printf_pre_padding
    printf7.o(i._printf_core) refers to uldiv.o(.text) for __aeabi_uldivmod
    printf7.o(i._printf_core) refers to printf7.o(i._printf_post_padding) for _printf_post_padding
    printf8.o(i.__0fprintf$8) refers to printf8.o(i._printf_core) for _printf_core
    printf8.o(i.__0fprintf$8) refers to lto-llvm-84e609.o(.text.fputc) for fputc
    printf8.o(i.__0printf$8) refers to printf8.o(i._printf_core) for _printf_core
    printf8.o(i.__0printf$8) refers to lto-llvm-84e609.o(.text.fputc) for fputc
    printf8.o(i.__0printf$8) refers to stdout.o(.data) for __stdout
    printf8.o(i.__0snprintf$8) refers to printf8.o(i._printf_core) for _printf_core
    printf8.o(i.__0snprintf$8) refers to printf8.o(i._snputc) for _snputc
    printf8.o(i.__0sprintf$8) refers to printf8.o(i._printf_core) for _printf_core
    printf8.o(i.__0sprintf$8) refers to printf8.o(i._sputc) for _sputc
    printf8.o(i.__0vfprintf$8) refers to printf8.o(i._printf_core) for _printf_core
    printf8.o(i.__0vfprintf$8) refers to lto-llvm-84e609.o(.text.fputc) for fputc
    printf8.o(i.__0vprintf$8) refers to printf8.o(i._printf_core) for _printf_core
    printf8.o(i.__0vprintf$8) refers to lto-llvm-84e609.o(.text.fputc) for fputc
    printf8.o(i.__0vprintf$8) refers to stdout.o(.data) for __stdout
    printf8.o(i.__0vsnprintf$8) refers to printf8.o(i._printf_core) for _printf_core
    printf8.o(i.__0vsnprintf$8) refers to printf8.o(i._snputc) for _snputc
    printf8.o(i.__0vsprintf$8) refers to printf8.o(i._printf_core) for _printf_core
    printf8.o(i.__0vsprintf$8) refers to printf8.o(i._sputc) for _sputc
    printf8.o(i._printf_core) refers to printf8.o(i._printf_pre_padding) for _printf_pre_padding
    printf8.o(i._printf_core) refers to uldiv.o(.text) for __aeabi_uldivmod
    printf8.o(i._printf_core) refers to printf8.o(i._printf_post_padding) for _printf_post_padding
    printfa.o(i.__0fprintf) refers (Special) to iusefp.o(.text) for __I$use$fp
    printfa.o(i.__0fprintf) refers to printfa.o(i._printf_core) for _printf_core
    printfa.o(i.__0fprintf) refers to lto-llvm-84e609.o(.text.fputc) for fputc
    printfa.o(i.__0printf) refers (Special) to iusefp.o(.text) for __I$use$fp
    printfa.o(i.__0printf) refers to printfa.o(i._printf_core) for _printf_core
    printfa.o(i.__0printf) refers to lto-llvm-84e609.o(.text.fputc) for fputc
    printfa.o(i.__0printf) refers to stdout.o(.data) for __stdout
    printfa.o(i.__0snprintf) refers (Special) to iusefp.o(.text) for __I$use$fp
    printfa.o(i.__0snprintf) refers to printfa.o(i._printf_core) for _printf_core
    printfa.o(i.__0snprintf) refers to printfa.o(i._snputc) for _snputc
    printfa.o(i.__0sprintf) refers (Special) to iusefp.o(.text) for __I$use$fp
    printfa.o(i.__0sprintf) refers to printfa.o(i._printf_core) for _printf_core
    printfa.o(i.__0sprintf) refers to printfa.o(i._sputc) for _sputc
    printfa.o(i.__0vfprintf) refers (Special) to iusefp.o(.text) for __I$use$fp
    printfa.o(i.__0vfprintf) refers to printfa.o(i._printf_core) for _printf_core
    printfa.o(i.__0vfprintf) refers to lto-llvm-84e609.o(.text.fputc) for fputc
    printfa.o(i.__0vprintf) refers (Special) to iusefp.o(.text) for __I$use$fp
    printfa.o(i.__0vprintf) refers to printfa.o(i._printf_core) for _printf_core
    printfa.o(i.__0vprintf) refers to lto-llvm-84e609.o(.text.fputc) for fputc
    printfa.o(i.__0vprintf) refers to stdout.o(.data) for __stdout
    printfa.o(i.__0vsnprintf) refers (Special) to iusefp.o(.text) for __I$use$fp
    printfa.o(i.__0vsnprintf) refers to printfa.o(i._printf_core) for _printf_core
    printfa.o(i.__0vsnprintf) refers to printfa.o(i._snputc) for _snputc
    printfa.o(i.__0vsprintf) refers (Special) to iusefp.o(.text) for __I$use$fp
    printfa.o(i.__0vsprintf) refers to printfa.o(i._printf_core) for _printf_core
    printfa.o(i.__0vsprintf) refers to printfa.o(i._sputc) for _sputc
    printfa.o(i._fp_digits) refers (Special) to iusefp.o(.text) for __I$use$fp
    printfa.o(i._fp_digits) refers to dmul.o(.text) for __aeabi_dmul
    printfa.o(i._fp_digits) refers to ddiv.o(.text) for __aeabi_ddiv
    printfa.o(i._fp_digits) refers to cdrcmple.o(.text) for __aeabi_cdrcmple
    printfa.o(i._fp_digits) refers to dadd.o(.text) for __aeabi_dadd
    printfa.o(i._fp_digits) refers to dfixul.o(.text) for __aeabi_d2ulz
    printfa.o(i._fp_digits) refers to uldiv.o(.text) for __aeabi_uldivmod
    printfa.o(i._printf_core) refers (Special) to iusefp.o(.text) for __I$use$fp
    printfa.o(i._printf_core) refers to printfa.o(i._printf_pre_padding) for _printf_pre_padding
    printfa.o(i._printf_core) refers to uldiv.o(.text) for __aeabi_uldivmod
    printfa.o(i._printf_core) refers to printfa.o(i._printf_post_padding) for _printf_post_padding
    printfa.o(i._printf_core) refers to printfa.o(i._fp_digits) for _fp_digits
    printfa.o(i._printf_core) refers to uidiv.o(.text) for __aeabi_uidivmod
    printfa.o(i._printf_post_padding) refers (Special) to iusefp.o(.text) for __I$use$fp
    printfa.o(i._printf_pre_padding) refers (Special) to iusefp.o(.text) for __I$use$fp
    printfa.o(i._snputc) refers (Special) to iusefp.o(.text) for __I$use$fp
    printfa.o(i._sputc) refers (Special) to iusefp.o(.text) for __I$use$fp
    entry2.o(.ARM.Collect$$$$00000001) refers to entry2.o(.ARM.Collect$$$$00002712) for __lit__00000000
    entry2.o(.ARM.Collect$$$$00002712) refers to startup_stm32f103xe.o(STACK) for __initial_sp
    entry2.o(__vectab_stack_and_reset_area) refers to startup_stm32f103xe.o(STACK) for __initial_sp
    entry2.o(__vectab_stack_and_reset_area) refers to entry.o(.ARM.Collect$$$$00000000) for __main
    entry5.o(.ARM.Collect$$$$00000004) refers to init.o(.text) for __scatterload
    entry9a.o(.ARM.Collect$$$$0000000B) refers to lto-llvm-84e609.o(.text.main) for main
    entry9b.o(.ARM.Collect$$$$0000000C) refers to lto-llvm-84e609.o(.text.main) for main
    uldiv.o(.text) refers to llushr.o(.text) for __aeabi_llsr
    uldiv.o(.text) refers to llshl.o(.text) for __aeabi_llsl
    dadd.o(.text) refers (Special) to iusefp.o(.text) for __I$use$fp
    dadd.o(.text) refers to llshl.o(.text) for __aeabi_llsl
    dadd.o(.text) refers to llsshr.o(.text) for __aeabi_lasr
    dadd.o(.text) refers to depilogue.o(.text) for _double_epilogue
    dmul.o(.text) refers (Special) to iusefp.o(.text) for __I$use$fp
    dmul.o(.text) refers to depilogue.o(.text) for _double_epilogue
    ddiv.o(.text) refers (Special) to iusefp.o(.text) for __I$use$fp
    ddiv.o(.text) refers to depilogue.o(.text) for _double_round
    dfixul.o(.text) refers (Special) to iusefp.o(.text) for __I$use$fp
    dfixul.o(.text) refers to llushr.o(.text) for __aeabi_llsr
    dfixul.o(.text) refers to llshl.o(.text) for __aeabi_llsl
    cdrcmple.o(.text) refers (Special) to iusefp.o(.text) for __I$use$fp
    init.o(.text) refers to entry5.o(.ARM.Collect$$$$00000004) for __main_after_scatterload
    depilogue.o(.text) refers (Special) to iusefp.o(.text) for __I$use$fp
    depilogue.o(.text) refers to llshl.o(.text) for __aeabi_llsl
    depilogue.o(.text) refers to llushr.o(.text) for __aeabi_llsr
    lto-llvm-84e609.o(.ARM.exidx.text.fputc) refers to lto-llvm-84e609.o(.text.fputc) for [Anonymous Symbol]
    lto-llvm-84e609.o(.text.main) refers to lto-llvm-84e609.o(.data.SystemCoreClock) for SystemCoreClock
    lto-llvm-84e609.o(.text.main) refers to lto-llvm-84e609.o(.bss.uwTick) for uwTick
    lto-llvm-84e609.o(.text.main) refers to lto-llvm-84e609.o(.text.HAL_GPIO_Init) for HAL_GPIO_Init
    lto-llvm-84e609.o(.text.main) refers to lto-llvm-84e609.o(.bss.huart1) for huart1
    lto-llvm-84e609.o(.text.main) refers to lto-llvm-84e609.o(.rodata.cst8) for APBPrescTable
    lto-llvm-84e609.o(.text.main) refers to lto-llvm-84e609.o(.bss.hsd) for hsd
    lto-llvm-84e609.o(.text.main) refers to lto-llvm-84e609.o(.bss.disk) for disk
    lto-llvm-84e609.o(.text.main) refers to lto-llvm-84e609.o(.rodata.SD_Driver) for SD_Driver
    lto-llvm-84e609.o(.text.main) refers to lto-llvm-84e609.o(.rodata.str1.1) for .Lstr.36
    lto-llvm-84e609.o(.text.main) refers to puts.o(i.puts) for puts
    lto-llvm-84e609.o(.text.main) refers to lto-llvm-84e609.o(.bss.FatFs) for FatFs
    lto-llvm-84e609.o(.text.main) refers to lto-llvm-84e609.o(.bss.Files) for Files
    lto-llvm-84e609.o(.text.main) refers to lto-llvm-84e609.o(.text.find_volume) for find_volume
    lto-llvm-84e609.o(.text.main) refers to memseta.o(.text) for __aeabi_memclr4
    lto-llvm-84e609.o(.text.main) refers to lto-llvm-84e609.o(.text.follow_path) for follow_path
    lto-llvm-84e609.o(.text.main) refers to lto-llvm-84e609.o(.text.dir_sdi) for dir_sdi
    lto-llvm-84e609.o(.text.main) refers to lto-llvm-84e609.o(.text.move_window) for move_window
    lto-llvm-84e609.o(.text.main) refers to lto-llvm-84e609.o(.text.get_fat) for get_fat
    lto-llvm-84e609.o(.text.main) refers to lto-llvm-84e609.o(.rodata.LfnOfs) for LfnOfs
    lto-llvm-84e609.o(.text.main) refers to lto-llvm-84e609.o(.rodata.Tbl) for Tbl
    lto-llvm-84e609.o(.text.main) refers to strstr.o(.text) for strstr
    lto-llvm-84e609.o(.text.main) refers to strcpy.o(.text) for strcpy
    lto-llvm-84e609.o(.text.main) refers to printf3.o(i.__0printf$3) for __2printf
    lto-llvm-84e609.o(.text.main) refers to strcmp.o(.text) for strcmp
    lto-llvm-84e609.o(.text.main) refers to lto-llvm-84e609.o(.text.HAL_FLASHEx_Erase) for HAL_FLASHEx_Erase
    lto-llvm-84e609.o(.text.main) refers to lto-llvm-84e609.o(.bss.update_app_code.buffer) for update_app_code.buffer
    lto-llvm-84e609.o(.text.main) refers to lto-llvm-84e609.o(.bss.pFlash) for pFlash
    lto-llvm-84e609.o(.text.main) refers to lto-llvm-84e609.o(.text.FLASH_WaitForLastOperation) for FLASH_WaitForLastOperation
    lto-llvm-84e609.o(.text.main) refers to lto-llvm-84e609.o(.text.inc_lock) for inc_lock
    lto-llvm-84e609.o(.text.main) refers to lto-llvm-84e609.o(.text.f_close) for f_close
    lto-llvm-84e609.o(.text.main) refers to strlen.o(.text) for strlen
    lto-llvm-84e609.o(.ARM.exidx.text.main) refers to lto-llvm-84e609.o(.text.main) for [Anonymous Symbol]
    lto-llvm-84e609.o(.ARM.exidx.text.NMI_Handler) refers to lto-llvm-84e609.o(.text.NMI_Handler) for [Anonymous Symbol]
    lto-llvm-84e609.o(.text.HardFault_Handler) refers to puts.o(i.puts) for puts
    lto-llvm-84e609.o(.ARM.exidx.text.HardFault_Handler) refers to lto-llvm-84e609.o(.text.HardFault_Handler) for [Anonymous Symbol]
    lto-llvm-84e609.o(.ARM.exidx.text.MemManage_Handler) refers to lto-llvm-84e609.o(.text.MemManage_Handler) for [Anonymous Symbol]
    lto-llvm-84e609.o(.ARM.exidx.text.BusFault_Handler) refers to lto-llvm-84e609.o(.text.BusFault_Handler) for [Anonymous Symbol]
    lto-llvm-84e609.o(.ARM.exidx.text.UsageFault_Handler) refers to lto-llvm-84e609.o(.text.UsageFault_Handler) for [Anonymous Symbol]
    lto-llvm-84e609.o(.ARM.exidx.text.SVC_Handler) refers to lto-llvm-84e609.o(.text.SVC_Handler) for [Anonymous Symbol]
    lto-llvm-84e609.o(.ARM.exidx.text.DebugMon_Handler) refers to lto-llvm-84e609.o(.text.DebugMon_Handler) for [Anonymous Symbol]
    lto-llvm-84e609.o(.ARM.exidx.text.PendSV_Handler) refers to lto-llvm-84e609.o(.text.PendSV_Handler) for [Anonymous Symbol]
    lto-llvm-84e609.o(.text.SysTick_Handler) refers to lto-llvm-84e609.o(.bss.uwTick) for uwTick
    lto-llvm-84e609.o(.ARM.exidx.text.SysTick_Handler) refers to lto-llvm-84e609.o(.text.SysTick_Handler) for [Anonymous Symbol]
    lto-llvm-84e609.o(.text.SDIO_IRQHandler) refers to lto-llvm-84e609.o(.bss.hsd) for hsd
    lto-llvm-84e609.o(.text.SDIO_IRQHandler) refers to lto-llvm-84e609.o(.text.SDMMC_GetCmdResp1) for SDMMC_GetCmdResp1
    lto-llvm-84e609.o(.text.SDIO_IRQHandler) refers to lto-llvm-84e609.o(.text.SD_DMATxAbort) for SD_DMATxAbort
    lto-llvm-84e609.o(.text.SDIO_IRQHandler) refers to lto-llvm-84e609.o(.text.SD_DMARxAbort) for SD_DMARxAbort
    lto-llvm-84e609.o(.ARM.exidx.text.SDIO_IRQHandler) refers to lto-llvm-84e609.o(.text.SDIO_IRQHandler) for [Anonymous Symbol]
    lto-llvm-84e609.o(.text.SDMMC_GetCmdResp1) refers to lto-llvm-84e609.o(.data.SystemCoreClock) for SystemCoreClock
    lto-llvm-84e609.o(.ARM.exidx.text.SDMMC_GetCmdResp1) refers to lto-llvm-84e609.o(.text.SDMMC_GetCmdResp1) for [Anonymous Symbol]
    lto-llvm-84e609.o(.ARM.exidx.text.HAL_GPIO_Init) refers to lto-llvm-84e609.o(.text.HAL_GPIO_Init) for [Anonymous Symbol]
    lto-llvm-84e609.o(.text.FLASH_WaitForLastOperation) refers to lto-llvm-84e609.o(.bss.uwTick) for uwTick
    lto-llvm-84e609.o(.text.FLASH_WaitForLastOperation) refers to lto-llvm-84e609.o(.bss.pFlash) for pFlash
    lto-llvm-84e609.o(.ARM.exidx.text.FLASH_WaitForLastOperation) refers to lto-llvm-84e609.o(.text.FLASH_WaitForLastOperation) for [Anonymous Symbol]
    lto-llvm-84e609.o(.text.HAL_FLASHEx_Erase) refers to lto-llvm-84e609.o(.bss.pFlash) for pFlash
    lto-llvm-84e609.o(.text.HAL_FLASHEx_Erase) refers to lto-llvm-84e609.o(.text.FLASH_WaitForLastOperation) for FLASH_WaitForLastOperation
    lto-llvm-84e609.o(.ARM.exidx.text.HAL_FLASHEx_Erase) refers to lto-llvm-84e609.o(.text.HAL_FLASHEx_Erase) for [Anonymous Symbol]
    lto-llvm-84e609.o(.text.SD_DMATxAbort) refers to lto-llvm-84e609.o(.text.SDMMC_GetCmdResp1) for SDMMC_GetCmdResp1
    lto-llvm-84e609.o(.ARM.exidx.text.SD_DMATxAbort) refers to lto-llvm-84e609.o(.text.SD_DMATxAbort) for [Anonymous Symbol]
    lto-llvm-84e609.o(.text.SD_DMARxAbort) refers to lto-llvm-84e609.o(.text.SDMMC_GetCmdResp1) for SDMMC_GetCmdResp1
    lto-llvm-84e609.o(.ARM.exidx.text.SD_DMARxAbort) refers to lto-llvm-84e609.o(.text.SD_DMARxAbort) for [Anonymous Symbol]
    lto-llvm-84e609.o(.ARM.exidx.text.SystemInit) refers to lto-llvm-84e609.o(.text.SystemInit) for [Anonymous Symbol]
    lto-llvm-84e609.o(.text.get_fat) refers to lto-llvm-84e609.o(.text.move_window) for move_window
    lto-llvm-84e609.o(.ARM.exidx.text.get_fat) refers to lto-llvm-84e609.o(.text.get_fat) for [Anonymous Symbol]
    lto-llvm-84e609.o(.text.move_window) refers to lto-llvm-84e609.o(.bss.disk) for disk
    lto-llvm-84e609.o(.ARM.exidx.text.move_window) refers to lto-llvm-84e609.o(.text.move_window) for [Anonymous Symbol]
    lto-llvm-84e609.o(.text.find_volume) refers to lto-llvm-84e609.o(.bss.FatFs) for FatFs
    lto-llvm-84e609.o(.text.find_volume) refers to lto-llvm-84e609.o(.bss.disk) for disk
    lto-llvm-84e609.o(.text.find_volume) refers to lto-llvm-84e609.o(.text.move_window) for move_window
    lto-llvm-84e609.o(.text.find_volume) refers to lto-llvm-84e609.o(.bss.Fsid) for Fsid
    lto-llvm-84e609.o(.text.find_volume) refers to lto-llvm-84e609.o(.bss.Files) for Files
    lto-llvm-84e609.o(.ARM.exidx.text.find_volume) refers to lto-llvm-84e609.o(.text.find_volume) for [Anonymous Symbol]
    lto-llvm-84e609.o(.text.follow_path) refers to lto-llvm-84e609.o(.text.dir_sdi) for dir_sdi
    lto-llvm-84e609.o(.text.follow_path) refers to lto-llvm-84e609.o(.rodata.str1.1) for .L.str.4
    lto-llvm-84e609.o(.text.follow_path) refers to lto-llvm-84e609.o(.rodata.str2.2) for ff_wtoupper.tbl_lower
    lto-llvm-84e609.o(.text.follow_path) refers to lto-llvm-84e609.o(.rodata.Tbl) for Tbl
    lto-llvm-84e609.o(.text.follow_path) refers to lto-llvm-84e609.o(.rodata.ExCvt) for ExCvt
    lto-llvm-84e609.o(.text.follow_path) refers to lto-llvm-84e609.o(.text.move_window) for move_window
    lto-llvm-84e609.o(.text.follow_path) refers to lto-llvm-84e609.o(.text.dir_next) for dir_next
    lto-llvm-84e609.o(.text.follow_path) refers to lto-llvm-84e609.o(.rodata.LfnOfs) for LfnOfs
    lto-llvm-84e609.o(.ARM.exidx.text.follow_path) refers to lto-llvm-84e609.o(.text.follow_path) for [Anonymous Symbol]
    lto-llvm-84e609.o(.text.dir_sdi) refers to lto-llvm-84e609.o(.text.get_fat) for get_fat
    lto-llvm-84e609.o(.ARM.exidx.text.dir_sdi) refers to lto-llvm-84e609.o(.text.dir_sdi) for [Anonymous Symbol]
    lto-llvm-84e609.o(.text.dir_next) refers to lto-llvm-84e609.o(.text.get_fat) for get_fat
    lto-llvm-84e609.o(.ARM.exidx.text.dir_next) refers to lto-llvm-84e609.o(.text.dir_next) for [Anonymous Symbol]
    lto-llvm-84e609.o(.text.f_close) refers to lto-llvm-84e609.o(.bss.disk) for disk
    lto-llvm-84e609.o(.text.f_close) refers to lto-llvm-84e609.o(.bss.Files) for Files
    lto-llvm-84e609.o(.text.f_close) refers to lto-llvm-84e609.o(.text.move_window) for move_window
    lto-llvm-84e609.o(.text.f_close) refers to memseta.o(.text) for __aeabi_memclr
    lto-llvm-84e609.o(.ARM.exidx.text.f_close) refers to lto-llvm-84e609.o(.text.f_close) for [Anonymous Symbol]
    lto-llvm-84e609.o(.text.inc_lock) refers to lto-llvm-84e609.o(.bss.Files) for Files
    lto-llvm-84e609.o(.ARM.exidx.text.inc_lock) refers to lto-llvm-84e609.o(.text.inc_lock) for [Anonymous Symbol]
    lto-llvm-84e609.o(.text.SD_initialize) refers to lto-llvm-84e609.o(.data.Stat) for Stat
    lto-llvm-84e609.o(.text.SD_initialize) refers to lto-llvm-84e609.o(.bss.hsd) for hsd
    lto-llvm-84e609.o(.text.SD_initialize) refers to lto-llvm-84e609.o(.text.HAL_GPIO_Init) for HAL_GPIO_Init
    lto-llvm-84e609.o(.text.SD_initialize) refers to lto-llvm-84e609.o(.bss.uwTick) for uwTick
    lto-llvm-84e609.o(.text.SD_initialize) refers to lto-llvm-84e609.o(.data.SystemCoreClock) for SystemCoreClock
    lto-llvm-84e609.o(.text.SD_initialize) refers to lto-llvm-84e609.o(.text.SDMMC_GetCmdResp1) for SDMMC_GetCmdResp1
    lto-llvm-84e609.o(.ARM.exidx.text.SD_initialize) refers to lto-llvm-84e609.o(.text.SD_initialize) for [Anonymous Symbol]
    lto-llvm-84e609.o(.text.SD_status) refers to lto-llvm-84e609.o(.data.Stat) for Stat
    lto-llvm-84e609.o(.text.SD_status) refers to lto-llvm-84e609.o(.bss.hsd) for hsd
    lto-llvm-84e609.o(.text.SD_status) refers to lto-llvm-84e609.o(.text.SDMMC_GetCmdResp1) for SDMMC_GetCmdResp1
    lto-llvm-84e609.o(.ARM.exidx.text.SD_status) refers to lto-llvm-84e609.o(.text.SD_status) for [Anonymous Symbol]
    lto-llvm-84e609.o(.text.SD_read) refers to lto-llvm-84e609.o(.bss.uwTick) for uwTick
    lto-llvm-84e609.o(.text.SD_read) refers to lto-llvm-84e609.o(.bss.hsd) for hsd
    lto-llvm-84e609.o(.text.SD_read) refers to lto-llvm-84e609.o(.text.SDMMC_GetCmdResp1) for SDMMC_GetCmdResp1
    lto-llvm-84e609.o(.ARM.exidx.text.SD_read) refers to lto-llvm-84e609.o(.text.SD_read) for [Anonymous Symbol]
    lto-llvm-84e609.o(.text.SD_write) refers to lto-llvm-84e609.o(.bss.uwTick) for uwTick
    lto-llvm-84e609.o(.text.SD_write) refers to lto-llvm-84e609.o(.bss.hsd) for hsd
    lto-llvm-84e609.o(.text.SD_write) refers to lto-llvm-84e609.o(.text.SDMMC_GetCmdResp1) for SDMMC_GetCmdResp1
    lto-llvm-84e609.o(.ARM.exidx.text.SD_write) refers to lto-llvm-84e609.o(.text.SD_write) for [Anonymous Symbol]
    lto-llvm-84e609.o(.text.SD_ioctl) refers to lto-llvm-84e609.o(.data.Stat) for Stat
    lto-llvm-84e609.o(.text.SD_ioctl) refers to lto-llvm-84e609.o(.bss.hsd) for hsd
    lto-llvm-84e609.o(.ARM.exidx.text.SD_ioctl) refers to lto-llvm-84e609.o(.text.SD_ioctl) for [Anonymous Symbol]
    lto-llvm-84e609.o(.rodata.SD_Driver) refers to lto-llvm-84e609.o(.text.SD_initialize) for SD_initialize
    lto-llvm-84e609.o(.rodata.SD_Driver) refers to lto-llvm-84e609.o(.text.SD_status) for SD_status
    lto-llvm-84e609.o(.rodata.SD_Driver) refers to lto-llvm-84e609.o(.text.SD_read) for SD_read
    lto-llvm-84e609.o(.rodata.SD_Driver) refers to lto-llvm-84e609.o(.text.SD_write) for SD_write
    lto-llvm-84e609.o(.rodata.SD_Driver) refers to lto-llvm-84e609.o(.text.SD_ioctl) for SD_ioctl


==============================================================================

Removing Unused input sections from the image.

    Removing startup_stm32f103xe.o(HEAP), (4096 bytes).
    Removing dadd.o(.text), (334 bytes).
    Removing dmul.o(.text), (228 bytes).
    Removing ddiv.o(.text), (222 bytes).
    Removing dfixul.o(.text), (48 bytes).
    Removing cdrcmple.o(.text), (48 bytes).
    Removing depilogue.o(.text), (186 bytes).
    Removing lto-llvm-84e609.o(.text), (0 bytes).
    Removing lto-llvm-84e609.o(.ARM.exidx.text.fputc), (8 bytes).
    Removing lto-llvm-84e609.o(.ARM.exidx.text.main), (8 bytes).
    Removing lto-llvm-84e609.o(.ARM.exidx.text.NMI_Handler), (8 bytes).
    Removing lto-llvm-84e609.o(.ARM.exidx.text.HardFault_Handler), (8 bytes).
    Removing lto-llvm-84e609.o(.ARM.exidx.text.MemManage_Handler), (8 bytes).
    Removing lto-llvm-84e609.o(.ARM.exidx.text.BusFault_Handler), (8 bytes).
    Removing lto-llvm-84e609.o(.ARM.exidx.text.UsageFault_Handler), (8 bytes).
    Removing lto-llvm-84e609.o(.ARM.exidx.text.SVC_Handler), (8 bytes).
    Removing lto-llvm-84e609.o(.ARM.exidx.text.DebugMon_Handler), (8 bytes).
    Removing lto-llvm-84e609.o(.ARM.exidx.text.PendSV_Handler), (8 bytes).
    Removing lto-llvm-84e609.o(.ARM.exidx.text.SysTick_Handler), (8 bytes).
    Removing lto-llvm-84e609.o(.ARM.exidx.text.SDIO_IRQHandler), (8 bytes).
    Removing lto-llvm-84e609.o(.ARM.exidx.text.SDMMC_GetCmdResp1), (8 bytes).
    Removing lto-llvm-84e609.o(.ARM.exidx.text.HAL_GPIO_Init), (8 bytes).
    Removing lto-llvm-84e609.o(.ARM.exidx.text.FLASH_WaitForLastOperation), (8 bytes).
    Removing lto-llvm-84e609.o(.ARM.exidx.text.HAL_FLASHEx_Erase), (8 bytes).
    Removing lto-llvm-84e609.o(.ARM.exidx.text.SD_DMATxAbort), (8 bytes).
    Removing lto-llvm-84e609.o(.ARM.exidx.text.SD_DMARxAbort), (8 bytes).
    Removing lto-llvm-84e609.o(.ARM.exidx.text.SystemInit), (8 bytes).
    Removing lto-llvm-84e609.o(.ARM.exidx.text.get_fat), (8 bytes).
    Removing lto-llvm-84e609.o(.ARM.exidx.text.move_window), (8 bytes).
    Removing lto-llvm-84e609.o(.ARM.exidx.text.find_volume), (8 bytes).
    Removing lto-llvm-84e609.o(.ARM.exidx.text.follow_path), (8 bytes).
    Removing lto-llvm-84e609.o(.ARM.exidx.text.dir_sdi), (8 bytes).
    Removing lto-llvm-84e609.o(.ARM.exidx.text.dir_next), (8 bytes).
    Removing lto-llvm-84e609.o(.ARM.exidx.text.f_close), (8 bytes).
    Removing lto-llvm-84e609.o(.ARM.exidx.text.inc_lock), (8 bytes).
    Removing lto-llvm-84e609.o(.ARM.exidx.text.SD_initialize), (8 bytes).
    Removing lto-llvm-84e609.o(.ARM.exidx.text.SD_status), (8 bytes).
    Removing lto-llvm-84e609.o(.ARM.exidx.text.SD_read), (8 bytes).
    Removing lto-llvm-84e609.o(.ARM.exidx.text.SD_write), (8 bytes).
    Removing lto-llvm-84e609.o(.ARM.exidx.text.SD_ioctl), (8 bytes).
    Removing lto-llvm-84e609.o(.ARM.use_no_argv), (4 bytes).

41 unused section(s) (total 5422 bytes) removed from the image.

==============================================================================

Image Symbol Table

    Local Symbols

    Symbol Name                              Value     Ov Type        Size  Object(Section)

    ../clib/division.s                       0x00000000   Number         0  aeabi_sdiv.o ABSOLUTE
    ../clib/microlib/division.c              0x00000000   Number         0  uidiv.o ABSOLUTE
    ../clib/microlib/division.c              0x00000000   Number         0  uldiv.o ABSOLUTE
    ../clib/microlib/init/entry.s            0x00000000   Number         0  entry.o ABSOLUTE
    ../clib/microlib/init/entry.s            0x00000000   Number         0  entry2.o ABSOLUTE
    ../clib/microlib/init/entry.s            0x00000000   Number         0  entry5.o ABSOLUTE
    ../clib/microlib/init/entry.s            0x00000000   Number         0  entry7a.o ABSOLUTE
    ../clib/microlib/init/entry.s            0x00000000   Number         0  entry7b.o ABSOLUTE
    ../clib/microlib/init/entry.s            0x00000000   Number         0  entry8a.o ABSOLUTE
    ../clib/microlib/init/entry.s            0x00000000   Number         0  entry8b.o ABSOLUTE
    ../clib/microlib/init/entry.s            0x00000000   Number         0  entry9a.o ABSOLUTE
    ../clib/microlib/init/entry.s            0x00000000   Number         0  entry9b.o ABSOLUTE
    ../clib/microlib/init/entry.s            0x00000000   Number         0  entry10a.o ABSOLUTE
    ../clib/microlib/init/entry.s            0x00000000   Number         0  entry10b.o ABSOLUTE
    ../clib/microlib/init/entry.s            0x00000000   Number         0  entry11a.o ABSOLUTE
    ../clib/microlib/init/entry.s            0x00000000   Number         0  entry11b.o ABSOLUTE
    ../clib/microlib/longlong.c              0x00000000   Number         0  llshl.o ABSOLUTE
    ../clib/microlib/longlong.c              0x00000000   Number         0  llushr.o ABSOLUTE
    ../clib/microlib/longlong.c              0x00000000   Number         0  llsshr.o ABSOLUTE
    ../clib/microlib/printf/printf.c         0x00000000   Number         0  printfb.o ABSOLUTE
    ../clib/microlib/printf/printf.c         0x00000000   Number         0  printf0.o ABSOLUTE
    ../clib/microlib/printf/printf.c         0x00000000   Number         0  printf1.o ABSOLUTE
    ../clib/microlib/printf/printf.c         0x00000000   Number         0  printf2.o ABSOLUTE
    ../clib/microlib/printf/printf.c         0x00000000   Number         0  printf3.o ABSOLUTE
    ../clib/microlib/printf/printf.c         0x00000000   Number         0  printf4.o ABSOLUTE
    ../clib/microlib/printf/printf.c         0x00000000   Number         0  printf5.o ABSOLUTE
    ../clib/microlib/printf/printf.c         0x00000000   Number         0  printf6.o ABSOLUTE
    ../clib/microlib/printf/printf.c         0x00000000   Number         0  printf7.o ABSOLUTE
    ../clib/microlib/printf/printf.c         0x00000000   Number         0  printf8.o ABSOLUTE
    ../clib/microlib/printf/printf.c         0x00000000   Number         0  printfa.o ABSOLUTE
    ../clib/microlib/printf/stubs.s          0x00000000   Number         0  printfstubs.o ABSOLUTE
    ../clib/microlib/stdio/puts.c            0x00000000   Number         0  puts.o ABSOLUTE
    ../clib/microlib/stdio/puts.c            0x00000000   Number         0  puts_e.o ABSOLUTE
    ../clib/microlib/stdio/streams.c         0x00000000   Number         0  stdout.o ABSOLUTE
    ../clib/microlib/string/memset.c         0x00000000   Number         0  memseta.o ABSOLUTE
    ../clib/microlib/string/strcmp.c         0x00000000   Number         0  strcmp.o ABSOLUTE
    ../clib/microlib/string/strcpy.c         0x00000000   Number         0  strcpy.o ABSOLUTE
    ../clib/microlib/string/strlen.c         0x00000000   Number         0  strlen.o ABSOLUTE
    ../clib/microlib/string/strstr.c         0x00000000   Number         0  strstr.o ABSOLUTE
    ../clib/microlib/stubs.s                 0x00000000   Number         0  iusefp.o ABSOLUTE
    ../fplib/microlib/fpadd.c                0x00000000   Number         0  dadd.o ABSOLUTE
    ../fplib/microlib/fpdiv.c                0x00000000   Number         0  ddiv.o ABSOLUTE
    ../fplib/microlib/fpepilogue.c           0x00000000   Number         0  depilogue.o ABSOLUTE
    ../fplib/microlib/fpfix.c                0x00000000   Number         0  dfixul.o ABSOLUTE
    ../fplib/microlib/fpmul.c                0x00000000   Number         0  dmul.o ABSOLUTE
    cdrcmple.s                               0x00000000   Number         0  cdrcmple.o ABSOLUTE
    dc.s                                     0x00000000   Number         0  dc.o ABSOLUTE
    handlers.s                               0x00000000   Number         0  handlers.o ABSOLUTE
    init.s                                   0x00000000   Number         0  init.o ABSOLUTE
    ld-temp.o                                0x00000000   Number         0  lto-llvm-84e609.o ABSOLUTE
    startup_stm32f103xe.s                    0x00000000   Number         0  startup_stm32f103xe.o ABSOLUTE
    RESET                                    0x08000000   Section      304  startup_stm32f103xe.o(RESET)
    .ARM.Collect$$$$00000000                 0x08000130   Section        0  entry.o(.ARM.Collect$$$$00000000)
    .ARM.Collect$$$$00000001                 0x08000130   Section        4  entry2.o(.ARM.Collect$$$$00000001)
    .ARM.Collect$$$$00000004                 0x08000134   Section        4  entry5.o(.ARM.Collect$$$$00000004)
    .ARM.Collect$$$$00000008                 0x08000138   Section        0  entry7b.o(.ARM.Collect$$$$00000008)
    .ARM.Collect$$$$0000000A                 0x08000138   Section        0  entry8b.o(.ARM.Collect$$$$0000000A)
    .ARM.Collect$$$$0000000B                 0x08000138   Section        8  entry9a.o(.ARM.Collect$$$$0000000B)
    __lit__00000000                          0x08000140   Data           4  entry2.o(.ARM.Collect$$$$00002712)
    .ARM.Collect$$$$0000000D                 0x08000140   Section        0  entry10a.o(.ARM.Collect$$$$0000000D)
    .ARM.Collect$$$$0000000F                 0x08000140   Section        0  entry11a.o(.ARM.Collect$$$$0000000F)
    .ARM.Collect$$$$00002712                 0x08000140   Section        4  entry2.o(.ARM.Collect$$$$00002712)
    .text                                    0x08000144   Section       36  startup_stm32f103xe.o(.text)
    .text                                    0x08000168   Section        0  strstr.o(.text)
    .text                                    0x0800018c   Section        0  strlen.o(.text)
    .text                                    0x0800019a   Section        0  strcmp.o(.text)
    .text                                    0x080001b6   Section        0  strcpy.o(.text)
    .text                                    0x080001c8   Section        0  uidiv.o(.text)
    .text                                    0x080001f4   Section       36  init.o(.text)
    .text                                    0x08000218   Section        0  memseta.o(.text)
    [Anonymous Symbol]                       0x0800023c   Section        0  lto-llvm-84e609.o(.text.BusFault_Handler)
    [Anonymous Symbol]                       0x08000240   Section        0  lto-llvm-84e609.o(.text.DebugMon_Handler)
    FLASH_WaitForLastOperation               0x08000245   Thumb Code   228  lto-llvm-84e609.o(.text.FLASH_WaitForLastOperation)
    [Anonymous Symbol]                       0x08000244   Section        0  lto-llvm-84e609.o(.text.FLASH_WaitForLastOperation)
    HAL_FLASHEx_Erase                        0x08000329   Thumb Code   206  lto-llvm-84e609.o(.text.HAL_FLASHEx_Erase)
    [Anonymous Symbol]                       0x08000328   Section        0  lto-llvm-84e609.o(.text.HAL_FLASHEx_Erase)
    HAL_GPIO_Init                            0x080003f9   Thumb Code   506  lto-llvm-84e609.o(.text.HAL_GPIO_Init)
    [Anonymous Symbol]                       0x080003f8   Section        0  lto-llvm-84e609.o(.text.HAL_GPIO_Init)
    [Anonymous Symbol]                       0x080005f4   Section        0  lto-llvm-84e609.o(.text.HardFault_Handler)
    [Anonymous Symbol]                       0x08000610   Section        0  lto-llvm-84e609.o(.text.MemManage_Handler)
    [Anonymous Symbol]                       0x08000614   Section        0  lto-llvm-84e609.o(.text.NMI_Handler)
    [Anonymous Symbol]                       0x08000618   Section        0  lto-llvm-84e609.o(.text.PendSV_Handler)
    [Anonymous Symbol]                       0x0800061c   Section        0  lto-llvm-84e609.o(.text.SDIO_IRQHandler)
    SDMMC_GetCmdResp1                        0x08000a01   Thumb Code   348  lto-llvm-84e609.o(.text.SDMMC_GetCmdResp1)
    [Anonymous Symbol]                       0x08000a00   Section        0  lto-llvm-84e609.o(.text.SDMMC_GetCmdResp1)
    SD_DMARxAbort                            0x08000b5d   Thumb Code   150  lto-llvm-84e609.o(.text.SD_DMARxAbort)
    [Anonymous Symbol]                       0x08000b5c   Section        0  lto-llvm-84e609.o(.text.SD_DMARxAbort)
    SD_DMATxAbort                            0x08000bf5   Thumb Code   150  lto-llvm-84e609.o(.text.SD_DMATxAbort)
    [Anonymous Symbol]                       0x08000bf4   Section        0  lto-llvm-84e609.o(.text.SD_DMATxAbort)
    SD_initialize                            0x08000c8d   Thumb Code  2276  lto-llvm-84e609.o(.text.SD_initialize)
    [Anonymous Symbol]                       0x08000c8c   Section        0  lto-llvm-84e609.o(.text.SD_initialize)
    SD_ioctl                                 0x08001571   Thumb Code    80  lto-llvm-84e609.o(.text.SD_ioctl)
    [Anonymous Symbol]                       0x08001570   Section        0  lto-llvm-84e609.o(.text.SD_ioctl)
    SD_read                                  0x080015c1   Thumb Code   718  lto-llvm-84e609.o(.text.SD_read)
    [Anonymous Symbol]                       0x080015c0   Section        0  lto-llvm-84e609.o(.text.SD_read)
    SD_status                                0x08001891   Thumb Code   102  lto-llvm-84e609.o(.text.SD_status)
    [Anonymous Symbol]                       0x08001890   Section        0  lto-llvm-84e609.o(.text.SD_status)
    SD_write                                 0x080018f9   Thumb Code   578  lto-llvm-84e609.o(.text.SD_write)
    [Anonymous Symbol]                       0x080018f8   Section        0  lto-llvm-84e609.o(.text.SD_write)
    [Anonymous Symbol]                       0x08001b3c   Section        0  lto-llvm-84e609.o(.text.SVC_Handler)
    [Anonymous Symbol]                       0x08001b40   Section        0  lto-llvm-84e609.o(.text.SysTick_Handler)
    [Anonymous Symbol]                       0x08001b50   Section        0  lto-llvm-84e609.o(.text.SystemInit)
    [Anonymous Symbol]                       0x08001ba0   Section        0  lto-llvm-84e609.o(.text.UsageFault_Handler)
    dir_next                                 0x08001ba5   Thumb Code   168  lto-llvm-84e609.o(.text.dir_next)
    [Anonymous Symbol]                       0x08001ba4   Section        0  lto-llvm-84e609.o(.text.dir_next)
    dir_sdi                                  0x08001c4d   Thumb Code   170  lto-llvm-84e609.o(.text.dir_sdi)
    [Anonymous Symbol]                       0x08001c4c   Section        0  lto-llvm-84e609.o(.text.dir_sdi)
    f_close                                  0x08001cf9   Thumb Code   602  lto-llvm-84e609.o(.text.f_close)
    [Anonymous Symbol]                       0x08001cf8   Section        0  lto-llvm-84e609.o(.text.f_close)
    find_volume                              0x08001f55   Thumb Code   874  lto-llvm-84e609.o(.text.find_volume)
    [Anonymous Symbol]                       0x08001f54   Section        0  lto-llvm-84e609.o(.text.find_volume)
    follow_path                              0x080022c1   Thumb Code  1226  lto-llvm-84e609.o(.text.follow_path)
    [Anonymous Symbol]                       0x080022c0   Section        0  lto-llvm-84e609.o(.text.follow_path)
    [Anonymous Symbol]                       0x0800278c   Section        0  lto-llvm-84e609.o(.text.fputc)
    get_fat                                  0x080027a1   Thumb Code   196  lto-llvm-84e609.o(.text.get_fat)
    [Anonymous Symbol]                       0x080027a0   Section        0  lto-llvm-84e609.o(.text.get_fat)
    inc_lock                                 0x08002865   Thumb Code   134  lto-llvm-84e609.o(.text.inc_lock)
    [Anonymous Symbol]                       0x08002864   Section        0  lto-llvm-84e609.o(.text.inc_lock)
    [Anonymous Symbol]                       0x080028ec   Section        0  lto-llvm-84e609.o(.text.main)
    __arm_cp.1_8                             0x08003274   Number         4  lto-llvm-84e609.o(.text.main)
    AHBPrescTable                            0x08003278   Number         0  lto-llvm-84e609.o(.text.main)
    __arm_cp.1_10                            0x08003288   Number         4  lto-llvm-84e609.o(.text.main)
    move_window                              0x0800406d   Thumb Code   180  lto-llvm-84e609.o(.text.move_window)
    [Anonymous Symbol]                       0x0800406c   Section        0  lto-llvm-84e609.o(.text.move_window)
    i.__0printf$3                            0x08004120   Section        0  printf3.o(i.__0printf$3)
    i.__scatterload_copy                     0x08004140   Section       14  handlers.o(i.__scatterload_copy)
    i.__scatterload_null                     0x0800414e   Section        2  handlers.o(i.__scatterload_null)
    i.__scatterload_zeroinit                 0x08004150   Section       14  handlers.o(i.__scatterload_zeroinit)
    _printf_core                             0x08004161   Thumb Code   436  printf3.o(i._printf_core)
    i._printf_core                           0x08004160   Section        0  printf3.o(i._printf_core)
    i.puts                                   0x08004318   Section        0  puts.o(i.puts)
    ExCvt                                    0x0800433c   Data         128  lto-llvm-84e609.o(.rodata.ExCvt)
    [Anonymous Symbol]                       0x0800433c   Section        0  lto-llvm-84e609.o(.rodata.ExCvt)
    LfnOfs                                   0x080043bc   Data          13  lto-llvm-84e609.o(.rodata.LfnOfs)
    [Anonymous Symbol]                       0x080043bc   Section        0  lto-llvm-84e609.o(.rodata.LfnOfs)
    SD_Driver                                0x080043cc   Data          20  lto-llvm-84e609.o(.rodata.SD_Driver)
    [Anonymous Symbol]                       0x080043cc   Section        0  lto-llvm-84e609.o(.rodata.SD_Driver)
    Tbl                                      0x080043e0   Data         256  lto-llvm-84e609.o(.rodata.Tbl)
    [Anonymous Symbol]                       0x080043e0   Section        0  lto-llvm-84e609.o(.rodata.Tbl)
    APBPrescTable                            0x080044e0   Data           8  lto-llvm-84e609.o(.rodata.cst8)
    [Anonymous Symbol]                       0x080044e0   Section        0  lto-llvm-84e609.o(.rodata.cst8)
    .L.str.2                                 0x080044e8   Data          35  lto-llvm-84e609.o(.rodata.str1.1)
    [Anonymous Symbol]                       0x080044e8   Section        0  lto-llvm-84e609.o(.rodata.str1.1)
    .L.str.25                                0x0800450b   Data          27  lto-llvm-84e609.o(.rodata.str1.1)
    .Lstr.42                                 0x08004526   Data          59  lto-llvm-84e609.o(.rodata.str1.1)
    .Lstr.85                                 0x08004561   Data          85  lto-llvm-84e609.o(.rodata.str1.1)
    .Lstr.87                                 0x080045b6   Data          64  lto-llvm-84e609.o(.rodata.str1.1)
    .Lstr.70                                 0x080045f6   Data          53  lto-llvm-84e609.o(.rodata.str1.1)
    .Lstr.62                                 0x0800462b   Data          52  lto-llvm-84e609.o(.rodata.str1.1)
    .Lstr.86                                 0x08004632   Data          45  lto-llvm-84e609.o(.rodata.str1.1)
    .Lstr.69                                 0x0800465f   Data          94  lto-llvm-84e609.o(.rodata.str1.1)
    .Lstr.48                                 0x080046bd   Data          75  lto-llvm-84e609.o(.rodata.str1.1)
    .Lstr.77                                 0x08004708   Data          89  lto-llvm-84e609.o(.rodata.str1.1)
    .Lstr.35                                 0x08004761   Data          48  lto-llvm-84e609.o(.rodata.str1.1)
    .Lstr.34                                 0x08004791   Data          47  lto-llvm-84e609.o(.rodata.str1.1)
    .Lstr.33                                 0x080047c0   Data          45  lto-llvm-84e609.o(.rodata.str1.1)
    .Lstr                                    0x080047ed   Data          41  lto-llvm-84e609.o(.rodata.str1.1)
    .Lstr.58                                 0x08004816   Data          55  lto-llvm-84e609.o(.rodata.str1.1)
    .Lstr.90                                 0x0800484d   Data          55  lto-llvm-84e609.o(.rodata.str1.1)
    .Lstr.59                                 0x08004884   Data          56  lto-llvm-84e609.o(.rodata.str1.1)
    .Lstr.91                                 0x080048bc   Data          56  lto-llvm-84e609.o(.rodata.str1.1)
    .Lstr.47                                 0x080048f4   Data          38  lto-llvm-84e609.o(.rodata.str1.1)
    .Lstr.60                                 0x0800491a   Data          43  lto-llvm-84e609.o(.rodata.str1.1)
    .Lstr.92                                 0x08004945   Data          43  lto-llvm-84e609.o(.rodata.str1.1)
    .Lstr.88                                 0x08004970   Data          75  lto-llvm-84e609.o(.rodata.str1.1)
    .Lstr.46                                 0x080049bb   Data          77  lto-llvm-84e609.o(.rodata.str1.1)
    .Lstr.45                                 0x08004a08   Data          39  lto-llvm-84e609.o(.rodata.str1.1)
    .Lstr.89                                 0x08004a2f   Data          39  lto-llvm-84e609.o(.rodata.str1.1)
    .Lstr.36                                 0x08004a56   Data          18  lto-llvm-84e609.o(.rodata.str1.1)
    .Lstr.61                                 0x08004a68   Data          66  lto-llvm-84e609.o(.rodata.str1.1)
    .L.str.4                                 0x08004aaa   Data           7  lto-llvm-84e609.o(.rodata.str1.1)
    .L.str.3                                 0x08004ab1   Data           9  lto-llvm-84e609.o(.rodata.str1.1)
    .L.str.18                                0x08004ab9   Data           1  lto-llvm-84e609.o(.rodata.str1.1)
    ff_wtoupper.tbl_upper                    0x08004aba   Data         480  lto-llvm-84e609.o(.rodata.str2.2)
    [Anonymous Symbol]                       0x08004aba   Section        0  lto-llvm-84e609.o(.rodata.str2.2)
    ff_wtoupper.tbl_lower                    0x08004c9a   Data         480  lto-llvm-84e609.o(.rodata.str2.2)
    .data                                    0x20000000   Section        4  stdout.o(.data)
    Stat                                     0x20000004   Data           1  lto-llvm-84e609.o(.data.Stat)
    [Anonymous Symbol]                       0x20000004   Section        0  lto-llvm-84e609.o(.data.Stat)
    SystemCoreClock                          0x20000008   Data           4  lto-llvm-84e609.o(.data.SystemCoreClock)
    [Anonymous Symbol]                       0x20000008   Section        0  lto-llvm-84e609.o(.data.SystemCoreClock)
    FatFs                                    0x20000010   Data           4  lto-llvm-84e609.o(.bss.FatFs)
    [Anonymous Symbol]                       0x20000010   Section        0  lto-llvm-84e609.o(.bss.FatFs)
    Files                                    0x20000014   Data          24  lto-llvm-84e609.o(.bss.Files)
    [Anonymous Symbol]                       0x20000014   Section        0  lto-llvm-84e609.o(.bss.Files)
    Fsid                                     0x2000002c   Data           2  lto-llvm-84e609.o(.bss.Fsid)
    [Anonymous Symbol]                       0x2000002c   Section        0  lto-llvm-84e609.o(.bss.Fsid)
    disk                                     0x20000030   Data          12  lto-llvm-84e609.o(.bss.disk)
    [Anonymous Symbol]                       0x20000030   Section        0  lto-llvm-84e609.o(.bss.disk)
    hsd                                      0x2000003c   Data         132  lto-llvm-84e609.o(.bss.hsd)
    [Anonymous Symbol]                       0x2000003c   Section        0  lto-llvm-84e609.o(.bss.hsd)
    huart1                                   0x200000c0   Data          64  lto-llvm-84e609.o(.bss.huart1)
    [Anonymous Symbol]                       0x200000c0   Section        0  lto-llvm-84e609.o(.bss.huart1)
    pFlash                                   0x20000100   Data          32  lto-llvm-84e609.o(.bss.pFlash)
    [Anonymous Symbol]                       0x20000100   Section        0  lto-llvm-84e609.o(.bss.pFlash)
    update_app_code.buffer                   0x20000120   Data        2048  lto-llvm-84e609.o(.bss.update_app_code.buffer)
    [Anonymous Symbol]                       0x20000120   Section        0  lto-llvm-84e609.o(.bss.update_app_code.buffer)
    uwTick                                   0x20000920   Data           4  lto-llvm-84e609.o(.bss.uwTick)
    [Anonymous Symbol]                       0x20000920   Section        0  lto-llvm-84e609.o(.bss.uwTick)
    STACK                                    0x20000928   Section     4096  startup_stm32f103xe.o(STACK)

    Global Symbols

    Symbol Name                              Value     Ov Type        Size  Object(Section)

    BuildAttributes$$THM_ISAv4$P$D$K$B$S$PE$A:L22UL41UL21$X:L11$S22US41US21$IEEE1$IW$~IW$USESV6$~STKCKD$USESV7$~SHL$OTIME$ROPI$IEEEF$EBA8$MICROLIB$REQ8$PRES8$EABIv2 0x00000000   Number         0  anon$$obj.o ABSOLUTE
    _printf_a                                0x00000000   Number         0  printfstubs.o ABSOLUTE
    _printf_c                                0x00000000   Number         0  printfstubs.o ABSOLUTE
    _printf_charcount                        0x00000000   Number         0  printfstubs.o ABSOLUTE
    _printf_d                                0x00000000   Number         0  printfstubs.o ABSOLUTE
    _printf_e                                0x00000000   Number         0  printfstubs.o ABSOLUTE
    _printf_f                                0x00000000   Number         0  printfstubs.o ABSOLUTE
    _printf_flags                            0x00000000   Number         0  printfstubs.o ABSOLUTE
    _printf_fp_dec                           0x00000000   Number         0  printfstubs.o ABSOLUTE
    _printf_fp_hex                           0x00000000   Number         0  printfstubs.o ABSOLUTE
    _printf_g                                0x00000000   Number         0  printfstubs.o ABSOLUTE
    _printf_i                                0x00000000   Number         0  printfstubs.o ABSOLUTE
    _printf_int_dec                          0x00000000   Number         0  printfstubs.o ABSOLUTE
    _printf_l                                0x00000000   Number         0  printfstubs.o ABSOLUTE
    _printf_lc                               0x00000000   Number         0  printfstubs.o ABSOLUTE
    _printf_ll                               0x00000000   Number         0  printfstubs.o ABSOLUTE
    _printf_lld                              0x00000000   Number         0  printfstubs.o ABSOLUTE
    _printf_lli                              0x00000000   Number         0  printfstubs.o ABSOLUTE
    _printf_llo                              0x00000000   Number         0  printfstubs.o ABSOLUTE
    _printf_llu                              0x00000000   Number         0  printfstubs.o ABSOLUTE
    _printf_llx                              0x00000000   Number         0  printfstubs.o ABSOLUTE
    _printf_longlong_dec                     0x00000000   Number         0  printfstubs.o ABSOLUTE
    _printf_longlong_hex                     0x00000000   Number         0  printfstubs.o ABSOLUTE
    _printf_longlong_oct                     0x00000000   Number         0  printfstubs.o ABSOLUTE
    _printf_ls                               0x00000000   Number         0  printfstubs.o ABSOLUTE
    _printf_mbtowc                           0x00000000   Number         0  printfstubs.o ABSOLUTE
    _printf_n                                0x00000000   Number         0  printfstubs.o ABSOLUTE
    _printf_o                                0x00000000   Number         0  printfstubs.o ABSOLUTE
    _printf_p                                0x00000000   Number         0  printfstubs.o ABSOLUTE
    _printf_percent                          0x00000000   Number         0  printfstubs.o ABSOLUTE
    _printf_pre_padding                      0x00000000   Number         0  printfstubs.o ABSOLUTE
    _printf_return_value                     0x00000000   Number         0  printfstubs.o ABSOLUTE
    _printf_s                                0x00000000   Number         0  printfstubs.o ABSOLUTE
    _printf_sizespec                         0x00000000   Number         0  printfstubs.o ABSOLUTE
    _printf_str                              0x00000000   Number         0  printfstubs.o ABSOLUTE
    _printf_truncate_signed                  0x00000000   Number         0  printfstubs.o ABSOLUTE
    _printf_truncate_unsigned                0x00000000   Number         0  printfstubs.o ABSOLUTE
    _printf_u                                0x00000000   Number         0  printfstubs.o ABSOLUTE
    _printf_wc                               0x00000000   Number         0  printfstubs.o ABSOLUTE
    _printf_wctomb                           0x00000000   Number         0  printfstubs.o ABSOLUTE
    _printf_widthprec                        0x00000000   Number         0  printfstubs.o ABSOLUTE
    _printf_x                                0x00000000   Number         0  printfstubs.o ABSOLUTE
    __cpp_initialize__aeabi_                  - Undefined Weak Reference
    __cxa_finalize                            - Undefined Weak Reference
    __decompress                              - Undefined Weak Reference
    _clock_init                               - Undefined Weak Reference
    _microlib_exit                            - Undefined Weak Reference
    __Vectors_Size                           0x00000130   Number         0  startup_stm32f103xe.o ABSOLUTE
    __Vectors                                0x08000000   Data           4  startup_stm32f103xe.o(RESET)
    __Vectors_End                            0x08000130   Data           0  startup_stm32f103xe.o(RESET)
    __main                                   0x08000131   Thumb Code     0  entry.o(.ARM.Collect$$$$00000000)
    _main_stk                                0x08000131   Thumb Code     0  entry2.o(.ARM.Collect$$$$00000001)
    _main_scatterload                        0x08000135   Thumb Code     0  entry5.o(.ARM.Collect$$$$00000004)
    __main_after_scatterload                 0x08000139   Thumb Code     0  entry5.o(.ARM.Collect$$$$00000004)
    _main_clock                              0x08000139   Thumb Code     0  entry7b.o(.ARM.Collect$$$$00000008)
    _main_cpp_init                           0x08000139   Thumb Code     0  entry8b.o(.ARM.Collect$$$$0000000A)
    _main_init                               0x08000139   Thumb Code     0  entry9a.o(.ARM.Collect$$$$0000000B)
    __rt_final_cpp                           0x08000141   Thumb Code     0  entry10a.o(.ARM.Collect$$$$0000000D)
    __rt_final_exit                          0x08000141   Thumb Code     0  entry11a.o(.ARM.Collect$$$$0000000F)
    Reset_Handler                            0x08000145   Thumb Code     8  startup_stm32f103xe.o(.text)
    ADC1_2_IRQHandler                        0x0800015f   Thumb Code     0  startup_stm32f103xe.o(.text)
    ADC3_IRQHandler                          0x0800015f   Thumb Code     0  startup_stm32f103xe.o(.text)
    CAN1_RX1_IRQHandler                      0x0800015f   Thumb Code     0  startup_stm32f103xe.o(.text)
    CAN1_SCE_IRQHandler                      0x0800015f   Thumb Code     0  startup_stm32f103xe.o(.text)
    DMA1_Channel1_IRQHandler                 0x0800015f   Thumb Code     0  startup_stm32f103xe.o(.text)
    DMA1_Channel2_IRQHandler                 0x0800015f   Thumb Code     0  startup_stm32f103xe.o(.text)
    DMA1_Channel3_IRQHandler                 0x0800015f   Thumb Code     0  startup_stm32f103xe.o(.text)
    DMA1_Channel4_IRQHandler                 0x0800015f   Thumb Code     0  startup_stm32f103xe.o(.text)
    DMA1_Channel5_IRQHandler                 0x0800015f   Thumb Code     0  startup_stm32f103xe.o(.text)
    DMA1_Channel6_IRQHandler                 0x0800015f   Thumb Code     0  startup_stm32f103xe.o(.text)
    DMA1_Channel7_IRQHandler                 0x0800015f   Thumb Code     0  startup_stm32f103xe.o(.text)
    DMA2_Channel1_IRQHandler                 0x0800015f   Thumb Code     0  startup_stm32f103xe.o(.text)
    DMA2_Channel2_IRQHandler                 0x0800015f   Thumb Code     0  startup_stm32f103xe.o(.text)
    DMA2_Channel3_IRQHandler                 0x0800015f   Thumb Code     0  startup_stm32f103xe.o(.text)
    DMA2_Channel4_5_IRQHandler               0x0800015f   Thumb Code     0  startup_stm32f103xe.o(.text)
    EXTI0_IRQHandler                         0x0800015f   Thumb Code     0  startup_stm32f103xe.o(.text)
    EXTI15_10_IRQHandler                     0x0800015f   Thumb Code     0  startup_stm32f103xe.o(.text)
    EXTI1_IRQHandler                         0x0800015f   Thumb Code     0  startup_stm32f103xe.o(.text)
    EXTI2_IRQHandler                         0x0800015f   Thumb Code     0  startup_stm32f103xe.o(.text)
    EXTI3_IRQHandler                         0x0800015f   Thumb Code     0  startup_stm32f103xe.o(.text)
    EXTI4_IRQHandler                         0x0800015f   Thumb Code     0  startup_stm32f103xe.o(.text)
    EXTI9_5_IRQHandler                       0x0800015f   Thumb Code     0  startup_stm32f103xe.o(.text)
    FLASH_IRQHandler                         0x0800015f   Thumb Code     0  startup_stm32f103xe.o(.text)
    FSMC_IRQHandler                          0x0800015f   Thumb Code     0  startup_stm32f103xe.o(.text)
    I2C1_ER_IRQHandler                       0x0800015f   Thumb Code     0  startup_stm32f103xe.o(.text)
    I2C1_EV_IRQHandler                       0x0800015f   Thumb Code     0  startup_stm32f103xe.o(.text)
    I2C2_ER_IRQHandler                       0x0800015f   Thumb Code     0  startup_stm32f103xe.o(.text)
    I2C2_EV_IRQHandler                       0x0800015f   Thumb Code     0  startup_stm32f103xe.o(.text)
    PVD_IRQHandler                           0x0800015f   Thumb Code     0  startup_stm32f103xe.o(.text)
    RCC_IRQHandler                           0x0800015f   Thumb Code     0  startup_stm32f103xe.o(.text)
    RTC_Alarm_IRQHandler                     0x0800015f   Thumb Code     0  startup_stm32f103xe.o(.text)
    RTC_IRQHandler                           0x0800015f   Thumb Code     0  startup_stm32f103xe.o(.text)
    SPI1_IRQHandler                          0x0800015f   Thumb Code     0  startup_stm32f103xe.o(.text)
    SPI2_IRQHandler                          0x0800015f   Thumb Code     0  startup_stm32f103xe.o(.text)
    SPI3_IRQHandler                          0x0800015f   Thumb Code     0  startup_stm32f103xe.o(.text)
    TAMPER_IRQHandler                        0x0800015f   Thumb Code     0  startup_stm32f103xe.o(.text)
    TIM1_BRK_IRQHandler                      0x0800015f   Thumb Code     0  startup_stm32f103xe.o(.text)
    TIM1_CC_IRQHandler                       0x0800015f   Thumb Code     0  startup_stm32f103xe.o(.text)
    TIM1_TRG_COM_IRQHandler                  0x0800015f   Thumb Code     0  startup_stm32f103xe.o(.text)
    TIM1_UP_IRQHandler                       0x0800015f   Thumb Code     0  startup_stm32f103xe.o(.text)
    TIM2_IRQHandler                          0x0800015f   Thumb Code     0  startup_stm32f103xe.o(.text)
    TIM3_IRQHandler                          0x0800015f   Thumb Code     0  startup_stm32f103xe.o(.text)
    TIM4_IRQHandler                          0x0800015f   Thumb Code     0  startup_stm32f103xe.o(.text)
    TIM5_IRQHandler                          0x0800015f   Thumb Code     0  startup_stm32f103xe.o(.text)
    TIM6_IRQHandler                          0x0800015f   Thumb Code     0  startup_stm32f103xe.o(.text)
    TIM7_IRQHandler                          0x0800015f   Thumb Code     0  startup_stm32f103xe.o(.text)
    TIM8_BRK_IRQHandler                      0x0800015f   Thumb Code     0  startup_stm32f103xe.o(.text)
    TIM8_CC_IRQHandler                       0x0800015f   Thumb Code     0  startup_stm32f103xe.o(.text)
    TIM8_TRG_COM_IRQHandler                  0x0800015f   Thumb Code     0  startup_stm32f103xe.o(.text)
    TIM8_UP_IRQHandler                       0x0800015f   Thumb Code     0  startup_stm32f103xe.o(.text)
    UART4_IRQHandler                         0x0800015f   Thumb Code     0  startup_stm32f103xe.o(.text)
    UART5_IRQHandler                         0x0800015f   Thumb Code     0  startup_stm32f103xe.o(.text)
    USART1_IRQHandler                        0x0800015f   Thumb Code     0  startup_stm32f103xe.o(.text)
    USART2_IRQHandler                        0x0800015f   Thumb Code     0  startup_stm32f103xe.o(.text)
    USART3_IRQHandler                        0x0800015f   Thumb Code     0  startup_stm32f103xe.o(.text)
    USBWakeUp_IRQHandler                     0x0800015f   Thumb Code     0  startup_stm32f103xe.o(.text)
    USB_HP_CAN1_TX_IRQHandler                0x0800015f   Thumb Code     0  startup_stm32f103xe.o(.text)
    USB_LP_CAN1_RX0_IRQHandler               0x0800015f   Thumb Code     0  startup_stm32f103xe.o(.text)
    WWDG_IRQHandler                          0x0800015f   Thumb Code     0  startup_stm32f103xe.o(.text)
    strstr                                   0x08000169   Thumb Code    36  strstr.o(.text)
    strlen                                   0x0800018d   Thumb Code    14  strlen.o(.text)
    strcmp                                   0x0800019b   Thumb Code    28  strcmp.o(.text)
    strcpy                                   0x080001b7   Thumb Code    18  strcpy.o(.text)
    __aeabi_uidiv                            0x080001c9   Thumb Code     0  uidiv.o(.text)
    __aeabi_uidivmod                         0x080001c9   Thumb Code    44  uidiv.o(.text)
    __scatterload                            0x080001f5   Thumb Code    28  init.o(.text)
    __scatterload_rt2                        0x080001f5   Thumb Code     0  init.o(.text)
    __aeabi_memset                           0x08000219   Thumb Code    14  memseta.o(.text)
    __aeabi_memset4                          0x08000219   Thumb Code     0  memseta.o(.text)
    __aeabi_memset8                          0x08000219   Thumb Code     0  memseta.o(.text)
    __aeabi_memclr                           0x08000227   Thumb Code     4  memseta.o(.text)
    __aeabi_memclr4                          0x08000227   Thumb Code     0  memseta.o(.text)
    __aeabi_memclr8                          0x08000227   Thumb Code     0  memseta.o(.text)
    _memset$wrapper                          0x0800022b   Thumb Code    18  memseta.o(.text)
    BusFault_Handler                         0x0800023d   Thumb Code     2  lto-llvm-84e609.o(.text.BusFault_Handler)
    DebugMon_Handler                         0x08000241   Thumb Code     2  lto-llvm-84e609.o(.text.DebugMon_Handler)
    HardFault_Handler                        0x080005f5   Thumb Code    12  lto-llvm-84e609.o(.text.HardFault_Handler)
    MemManage_Handler                        0x08000611   Thumb Code     2  lto-llvm-84e609.o(.text.MemManage_Handler)
    NMI_Handler                              0x08000615   Thumb Code     2  lto-llvm-84e609.o(.text.NMI_Handler)
    PendSV_Handler                           0x08000619   Thumb Code     2  lto-llvm-84e609.o(.text.PendSV_Handler)
    SDIO_IRQHandler                          0x0800061d   Thumb Code   996  lto-llvm-84e609.o(.text.SDIO_IRQHandler)
    SVC_Handler                              0x08001b3d   Thumb Code     2  lto-llvm-84e609.o(.text.SVC_Handler)
    SysTick_Handler                          0x08001b41   Thumb Code    16  lto-llvm-84e609.o(.text.SysTick_Handler)
    SystemInit                               0x08001b51   Thumb Code    80  lto-llvm-84e609.o(.text.SystemInit)
    UsageFault_Handler                       0x08001ba1   Thumb Code     2  lto-llvm-84e609.o(.text.UsageFault_Handler)
    fputc                                    0x0800278d   Thumb Code    20  lto-llvm-84e609.o(.text.fputc)
    main                                     0x080028ed   Thumb Code  5980  lto-llvm-84e609.o(.text.main)
    __0printf$3                              0x08004121   Thumb Code    22  printf3.o(i.__0printf$3)
    __1printf$3                              0x08004121   Thumb Code     0  printf3.o(i.__0printf$3)
    __2printf                                0x08004121   Thumb Code     0  printf3.o(i.__0printf$3)
    __scatterload_copy                       0x08004141   Thumb Code    14  handlers.o(i.__scatterload_copy)
    __scatterload_null                       0x0800414f   Thumb Code     2  handlers.o(i.__scatterload_null)
    __scatterload_zeroinit                   0x08004151   Thumb Code    14  handlers.o(i.__scatterload_zeroinit)
    puts                                     0x08004319   Thumb Code    30  puts.o(i.puts)
    Region$$Table$$Base                      0x08004e7c   Number         0  anon$$obj.o(Region$$Table)
    Region$$Table$$Limit                     0x08004e9c   Number         0  anon$$obj.o(Region$$Table)
    __stdout                                 0x20000000   Data           4  stdout.o(.data)
    __initial_sp                             0x20001928   Data           0  startup_stm32f103xe.o(STACK)



==============================================================================

Memory Map of the image

  Image Entry point : 0x08000131

  Load Region LR_IROM1 (Base: 0x08000000, Size: 0x00004eb0, Max: 0x00007000, ABSOLUTE)

    Execution Region ER_IROM1 (Exec base: 0x08000000, Load base: 0x08000000, Size: 0x00004e9c, Max: 0x00007000, ABSOLUTE)

    Exec Addr    Load Addr    Size         Type   Attr      Idx    E Section Name        Object

    0x08000000   0x08000000   0x00000130   Data   RO            3    RESET               startup_stm32f103xe.o
    0x08000130   0x08000130   0x00000000   Code   RO           38  * .ARM.Collect$$$$00000000  mc_w.l(entry.o)
    0x08000130   0x08000130   0x00000004   Code   RO          314    .ARM.Collect$$$$00000001  mc_w.l(entry2.o)
    0x08000134   0x08000134   0x00000004   Code   RO          317    .ARM.Collect$$$$00000004  mc_w.l(entry5.o)
    0x08000138   0x08000138   0x00000000   Code   RO          319    .ARM.Collect$$$$00000008  mc_w.l(entry7b.o)
    0x08000138   0x08000138   0x00000000   Code   RO          321    .ARM.Collect$$$$0000000A  mc_w.l(entry8b.o)
    0x08000138   0x08000138   0x00000008   Code   RO          322    .ARM.Collect$$$$0000000B  mc_w.l(entry9a.o)
    0x08000140   0x08000140   0x00000000   Code   RO          324    .ARM.Collect$$$$0000000D  mc_w.l(entry10a.o)
    0x08000140   0x08000140   0x00000000   Code   RO          326    .ARM.Collect$$$$0000000F  mc_w.l(entry11a.o)
    0x08000140   0x08000140   0x00000004   Code   RO          315    .ARM.Collect$$$$00002712  mc_w.l(entry2.o)
    0x08000144   0x08000144   0x00000024   Code   RO            4    .text               startup_stm32f103xe.o
    0x08000168   0x08000168   0x00000024   Code   RO           45    .text               mc_w.l(strstr.o)
    0x0800018c   0x0800018c   0x0000000e   Code   RO           47    .text               mc_w.l(strlen.o)
    0x0800019a   0x0800019a   0x0000001c   Code   RO           49    .text               mc_w.l(strcmp.o)
    0x080001b6   0x080001b6   0x00000012   Code   RO           51    .text               mc_w.l(strcpy.o)
    0x080001c8   0x080001c8   0x0000002c   Code   RO          338    .text               mc_w.l(uidiv.o)
    0x080001f4   0x080001f4   0x00000024   Code   RO          353    .text               mc_w.l(init.o)
    0x08000218   0x08000218   0x00000024   Code   RO          454    .text               mc_w.l(memseta.o)
    0x0800023c   0x0800023c   0x00000002   Code   RO          374    .text.BusFault_Handler  lto-llvm-84e609.o
    0x0800023e   0x0800023e   0x00000002   PAD
    0x08000240   0x08000240   0x00000002   Code   RO          380    .text.DebugMon_Handler  lto-llvm-84e609.o
    0x08000242   0x08000242   0x00000002   PAD
    0x08000244   0x08000244   0x000000e4   Code   RO          392    .text.FLASH_WaitForLastOperation  lto-llvm-84e609.o
    0x08000328   0x08000328   0x000000ce   Code   RO          394    .text.HAL_FLASHEx_Erase  lto-llvm-84e609.o
    0x080003f6   0x080003f6   0x00000002   PAD
    0x080003f8   0x080003f8   0x000001fa   Code   RO          390    .text.HAL_GPIO_Init  lto-llvm-84e609.o
    0x080005f2   0x080005f2   0x00000002   PAD
    0x080005f4   0x080005f4   0x0000001c   Code   RO          370    .text.HardFault_Handler  lto-llvm-84e609.o
    0x08000610   0x08000610   0x00000002   Code   RO          372    .text.MemManage_Handler  lto-llvm-84e609.o
    0x08000612   0x08000612   0x00000002   PAD
    0x08000614   0x08000614   0x00000002   Code   RO          368    .text.NMI_Handler   lto-llvm-84e609.o
    0x08000616   0x08000616   0x00000002   PAD
    0x08000618   0x08000618   0x00000002   Code   RO          382    .text.PendSV_Handler  lto-llvm-84e609.o
    0x0800061a   0x0800061a   0x00000002   PAD
    0x0800061c   0x0800061c   0x000003e4   Code   RO          386    .text.SDIO_IRQHandler  lto-llvm-84e609.o
    0x08000a00   0x08000a00   0x0000015c   Code   RO          388    .text.SDMMC_GetCmdResp1  lto-llvm-84e609.o
    0x08000b5c   0x08000b5c   0x00000096   Code   RO          398    .text.SD_DMARxAbort  lto-llvm-84e609.o
    0x08000bf2   0x08000bf2   0x00000002   PAD
    0x08000bf4   0x08000bf4   0x00000096   Code   RO          396    .text.SD_DMATxAbort  lto-llvm-84e609.o
    0x08000c8a   0x08000c8a   0x00000002   PAD
    0x08000c8c   0x08000c8c   0x000008e4   Code   RO          418    .text.SD_initialize  lto-llvm-84e609.o
    0x08001570   0x08001570   0x00000050   Code   RO          426    .text.SD_ioctl      lto-llvm-84e609.o
    0x080015c0   0x080015c0   0x000002ce   Code   RO          422    .text.SD_read       lto-llvm-84e609.o
    0x0800188e   0x0800188e   0x00000002   PAD
    0x08001890   0x08001890   0x00000066   Code   RO          420    .text.SD_status     lto-llvm-84e609.o
    0x080018f6   0x080018f6   0x00000002   PAD
    0x080018f8   0x080018f8   0x00000242   Code   RO          424    .text.SD_write      lto-llvm-84e609.o
    0x08001b3a   0x08001b3a   0x00000002   PAD
    0x08001b3c   0x08001b3c   0x00000002   Code   RO          378    .text.SVC_Handler   lto-llvm-84e609.o
    0x08001b3e   0x08001b3e   0x00000002   PAD
    0x08001b40   0x08001b40   0x00000010   Code   RO          384    .text.SysTick_Handler  lto-llvm-84e609.o
    0x08001b50   0x08001b50   0x00000050   Code   RO          400    .text.SystemInit    lto-llvm-84e609.o
    0x08001ba0   0x08001ba0   0x00000002   Code   RO          376    .text.UsageFault_Handler  lto-llvm-84e609.o
    0x08001ba2   0x08001ba2   0x00000002   PAD
    0x08001ba4   0x08001ba4   0x000000a8   Code   RO          412    .text.dir_next      lto-llvm-84e609.o
    0x08001c4c   0x08001c4c   0x000000aa   Code   RO          410    .text.dir_sdi       lto-llvm-84e609.o
    0x08001cf6   0x08001cf6   0x00000002   PAD
    0x08001cf8   0x08001cf8   0x0000025a   Code   RO          414    .text.f_close       lto-llvm-84e609.o
    0x08001f52   0x08001f52   0x00000002   PAD
    0x08001f54   0x08001f54   0x0000036a   Code   RO          406    .text.find_volume   lto-llvm-84e609.o
    0x080022be   0x080022be   0x00000002   PAD
    0x080022c0   0x080022c0   0x000004ca   Code   RO          408    .text.follow_path   lto-llvm-84e609.o
    0x0800278a   0x0800278a   0x00000002   PAD
    0x0800278c   0x0800278c   0x00000014   Code   RO          364    .text.fputc         lto-llvm-84e609.o
    0x080027a0   0x080027a0   0x000000c4   Code   RO          402    .text.get_fat       lto-llvm-84e609.o
    0x08002864   0x08002864   0x00000086   Code   RO          416    .text.inc_lock      lto-llvm-84e609.o
    0x080028ea   0x080028ea   0x00000002   PAD
    0x080028ec   0x080028ec   0x00001780   Code   RO          366    .text.main          lto-llvm-84e609.o
    0x0800406c   0x0800406c   0x000000b4   Code   RO          404    .text.move_window   lto-llvm-84e609.o
    0x08004120   0x08004120   0x00000020   Code   RO          142    i.__0printf$3       mc_w.l(printf3.o)
    0x08004140   0x08004140   0x0000000e   Code   RO          458    i.__scatterload_copy  mc_w.l(handlers.o)
    0x0800414e   0x0800414e   0x00000002   Code   RO          459    i.__scatterload_null  mc_w.l(handlers.o)
    0x08004150   0x08004150   0x0000000e   Code   RO          460    i.__scatterload_zeroinit  mc_w.l(handlers.o)
    0x0800415e   0x0800415e   0x00000002   PAD
    0x08004160   0x08004160   0x000001b8   Code   RO          149    i._printf_core      mc_w.l(printf3.o)
    0x08004318   0x08004318   0x00000024   Code   RO           41    i.puts              mc_w.l(puts.o)
    0x0800433c   0x0800433c   0x00000080   Data   RO          440    .rodata.ExCvt       lto-llvm-84e609.o
    0x080043bc   0x080043bc   0x0000000d   Data   RO          441    .rodata.LfnOfs      lto-llvm-84e609.o
    0x080043c9   0x080043c9   0x00000003   PAD
    0x080043cc   0x080043cc   0x00000014   Data   RO          445    .rodata.SD_Driver   lto-llvm-84e609.o
    0x080043e0   0x080043e0   0x00000100   Data   RO          443    .rodata.Tbl         lto-llvm-84e609.o
    0x080044e0   0x080044e0   0x00000008   Data   RO          436    .rodata.cst8        lto-llvm-84e609.o
    0x080044e8   0x080044e8   0x000005d2   Data   RO          429    .rodata.str1.1      lto-llvm-84e609.o
    0x08004aba   0x08004aba   0x000003c0   Data   RO          444    .rodata.str2.2      lto-llvm-84e609.o
    0x08004e7a   0x08004e7a   0x00000002   PAD
    0x08004e7c   0x08004e7c   0x00000020   Data   RO          457    Region$$Table       anon$$obj.o


    Execution Region RW_IRAM1 (Exec base: 0x20000000, Load base: 0x08004ea0, Size: 0x00001928, Max: 0x00010000, ABSOLUTE)

    Exec Addr    Load Addr    Size         Type   Attr      Idx    E Section Name        Object

    0x20000000   0x08004ea0   0x00000004   Data   RW          328    .data               mc_w.l(stdout.o)
    0x20000004   0x08004ea4   0x00000001   Data   RW          446    .data.Stat          lto-llvm-84e609.o
    0x20000005   0x08004ea5   0x00000003   PAD
    0x20000008   0x08004ea8   0x00000004   Data   RW          435    .data.SystemCoreClock  lto-llvm-84e609.o
    0x2000000c   0x08004eac   0x00000004   PAD
    0x20000010        -       0x00000004   Zero   RW          437    .bss.FatFs          lto-llvm-84e609.o
    0x20000014        -       0x00000018   Zero   RW          438    .bss.Files          lto-llvm-84e609.o
    0x2000002c        -       0x00000002   Zero   RW          439    .bss.Fsid           lto-llvm-84e609.o
    0x2000002e   0x08004eac   0x00000002   PAD
    0x20000030        -       0x0000000c   Zero   RW          442    .bss.disk           lto-llvm-84e609.o
    0x2000003c        -       0x00000084   Zero   RW          432    .bss.hsd            lto-llvm-84e609.o
    0x200000c0        -       0x00000040   Zero   RW          430    .bss.huart1         lto-llvm-84e609.o
    0x20000100        -       0x00000020   Zero   RW          434    .bss.pFlash         lto-llvm-84e609.o
    0x20000120        -       0x00000800   Zero   RW          428    .bss.update_app_code.buffer  lto-llvm-84e609.o
    0x20000920        -       0x00000004   Zero   RW          433    .bss.uwTick         lto-llvm-84e609.o
    0x20000924   0x08004eac   0x00000004   PAD
    0x20000928        -       0x00001000   Zero   RW            1    STACK               startup_stm32f103xe.o


==============================================================================

Image component sizes


      Code (inc. data)   RO Data    RW Data    ZI Data      Debug   Object Name

     16062        172       2875          5       2322     102465   lto-llvm-84e609.o
        36          8        304          0       4096        792   startup_stm32f103xe.o

    ----------------------------------------------------------------------
     16136        180       3216          8       6428     103257   Object Totals
         0          0         32          0          0          0   (incl. Generated)
        38          0          5          3         10          0   (incl. Padding)

    ----------------------------------------------------------------------

      Code (inc. data)   RO Data    RW Data    ZI Data      Debug   Library Member Name

         0          0          0          0          0          0   entry.o
         0          0          0          0          0          0   entry10a.o
         0          0          0          0          0          0   entry11a.o
         8          4          0          0          0          0   entry2.o
         4          0          0          0          0          0   entry5.o
         0          0          0          0          0          0   entry7b.o
         0          0          0          0          0          0   entry8b.o
         8          4          0          0          0          0   entry9a.o
        30          0          0          0          0          0   handlers.o
        36          8          0          0          0         68   init.o
        36          0          0          0          0        108   memseta.o
       472         14          0          0          0        184   printf3.o
        36          6          0          0          0         80   puts.o
         0          0          0          4          0          0   stdout.o
        28          0          0          0          0         76   strcmp.o
        18          0          0          0          0         68   strcpy.o
        14          0          0          0          0         68   strlen.o
        36          0          0          0          0         80   strstr.o
        44          0          0          0          0         80   uidiv.o

    ----------------------------------------------------------------------
       772         36          0          4          0        812   Library Totals
         2          0          0          0          0          0   (incl. Padding)

    ----------------------------------------------------------------------

      Code (inc. data)   RO Data    RW Data    ZI Data      Debug   Library Name

       770         36          0          4          0        812   mc_w.l

    ----------------------------------------------------------------------
       772         36          0          4          0        812   Library Totals

    ----------------------------------------------------------------------

==============================================================================


      Code (inc. data)   RO Data    RW Data    ZI Data      Debug   

     16908        216       3216         12       6428     103909   Grand Totals
     16908        216       3216         12       6428     103909   ELF Image Totals
     16908        216       3216         12          0          0   ROM Totals

==============================================================================

    Total RO  Size (Code + RO Data)                20124 (  19.65kB)
    Total RW  Size (RW Data + ZI Data)              6440 (   6.29kB)
    Total ROM Size (Code + RO Data + RW Data)      20136 (  19.66kB)

==============================================================================

